Component: ARM Compiler 5.06 update 7 (build 960) Tool: armlink [4d3601]

==============================================================================

Section Cross References

    startup_stm32h723xx.o(STACK) refers (Special) to heapauxi.o(.text) for __use_two_region_memory
    startup_stm32h723xx.o(HEAP) refers (Special) to heapauxi.o(.text) for __use_two_region_memory
    startup_stm32h723xx.o(RESET) refers (Special) to heapauxi.o(.text) for __use_two_region_memory
    startup_stm32h723xx.o(RESET) refers to startup_stm32h723xx.o(STACK) for __initial_sp
    startup_stm32h723xx.o(RESET) refers to startup_stm32h723xx.o(.text) for Reset_Handler
    startup_stm32h723xx.o(RESET) refers to stm32h7xx_it.o(i.NMI_Handler) for NMI_Handler
    startup_stm32h723xx.o(RESET) refers to stm32h7xx_it.o(i.HardFault_Handler) for HardFault_Handler
    startup_stm32h723xx.o(RESET) refers to stm32h7xx_it.o(i.MemManage_Handler) for MemManage_Handler
    startup_stm32h723xx.o(RESET) refers to stm32h7xx_it.o(i.BusFault_Handler) for BusFault_Handler
    startup_stm32h723xx.o(RESET) refers to stm32h7xx_it.o(i.UsageFault_Handler) for UsageFault_Handler
    startup_stm32h723xx.o(RESET) refers to port.o(.emb_text) for SVC_Handler
    startup_stm32h723xx.o(RESET) refers to stm32h7xx_it.o(i.DebugMon_Handler) for DebugMon_Handler
    startup_stm32h723xx.o(RESET) refers to cmsis_os2.o(i.SysTick_Handler) for SysTick_Handler
    startup_stm32h723xx.o(RESET) refers to stm32h7xx_it.o(i.DMA1_Stream0_IRQHandler) for DMA1_Stream0_IRQHandler
    startup_stm32h723xx.o(RESET) refers to stm32h7xx_it.o(i.DMA1_Stream1_IRQHandler) for DMA1_Stream1_IRQHandler
    startup_stm32h723xx.o(RESET) refers to stm32h7xx_it.o(i.DMA1_Stream2_IRQHandler) for DMA1_Stream2_IRQHandler
    startup_stm32h723xx.o(RESET) refers to stm32h7xx_it.o(i.DMA1_Stream3_IRQHandler) for DMA1_Stream3_IRQHandler
    startup_stm32h723xx.o(RESET) refers to stm32h7xx_it.o(i.DMA1_Stream5_IRQHandler) for DMA1_Stream5_IRQHandler
    startup_stm32h723xx.o(RESET) refers to stm32h7xx_it.o(i.FDCAN1_IT0_IRQHandler) for FDCAN1_IT0_IRQHandler
    startup_stm32h723xx.o(RESET) refers to stm32h7xx_it.o(i.FDCAN2_IT0_IRQHandler) for FDCAN2_IT0_IRQHandler
    startup_stm32h723xx.o(RESET) refers to stm32h7xx_it.o(i.FDCAN1_IT1_IRQHandler) for FDCAN1_IT1_IRQHandler
    startup_stm32h723xx.o(RESET) refers to stm32h7xx_it.o(i.FDCAN2_IT1_IRQHandler) for FDCAN2_IT1_IRQHandler
    startup_stm32h723xx.o(RESET) refers to stm32h7xx_it.o(i.TIM1_BRK_IRQHandler) for TIM1_BRK_IRQHandler
    startup_stm32h723xx.o(RESET) refers to stm32h7xx_it.o(i.TIM1_UP_IRQHandler) for TIM1_UP_IRQHandler
    startup_stm32h723xx.o(RESET) refers to stm32h7xx_it.o(i.TIM1_TRG_COM_IRQHandler) for TIM1_TRG_COM_IRQHandler
    startup_stm32h723xx.o(RESET) refers to stm32h7xx_it.o(i.TIM1_CC_IRQHandler) for TIM1_CC_IRQHandler
    startup_stm32h723xx.o(RESET) refers to stm32h7xx_it.o(i.TIM2_IRQHandler) for TIM2_IRQHandler
    startup_stm32h723xx.o(RESET) refers to stm32h7xx_it.o(i.TIM3_IRQHandler) for TIM3_IRQHandler
    startup_stm32h723xx.o(RESET) refers to stm32h7xx_it.o(i.SPI2_IRQHandler) for SPI2_IRQHandler
    startup_stm32h723xx.o(RESET) refers to stm32h7xx_it.o(i.USART1_IRQHandler) for USART1_IRQHandler
    startup_stm32h723xx.o(RESET) refers to stm32h7xx_it.o(i.USART2_IRQHandler) for USART2_IRQHandler
    startup_stm32h723xx.o(RESET) refers to stm32h7xx_it.o(i.USART3_IRQHandler) for USART3_IRQHandler
    startup_stm32h723xx.o(RESET) refers to stm32h7xx_it.o(i.DMA1_Stream7_IRQHandler) for DMA1_Stream7_IRQHandler
    startup_stm32h723xx.o(RESET) refers to stm32h7xx_it.o(i.UART5_IRQHandler) for UART5_IRQHandler
    startup_stm32h723xx.o(RESET) refers to stm32h7xx_it.o(i.DMA2_Stream0_IRQHandler) for DMA2_Stream0_IRQHandler
    startup_stm32h723xx.o(RESET) refers to stm32h7xx_it.o(i.DMA2_Stream1_IRQHandler) for DMA2_Stream1_IRQHandler
    startup_stm32h723xx.o(RESET) refers to stm32h7xx_it.o(i.DMA2_Stream2_IRQHandler) for DMA2_Stream2_IRQHandler
    startup_stm32h723xx.o(RESET) refers to stm32h7xx_it.o(i.DMA2_Stream4_IRQHandler) for DMA2_Stream4_IRQHandler
    startup_stm32h723xx.o(RESET) refers to stm32h7xx_it.o(i.DMA2_Stream5_IRQHandler) for DMA2_Stream5_IRQHandler
    startup_stm32h723xx.o(RESET) refers to stm32h7xx_it.o(i.DMA2_Stream6_IRQHandler) for DMA2_Stream6_IRQHandler
    startup_stm32h723xx.o(RESET) refers to stm32h7xx_it.o(i.DMA2_Stream7_IRQHandler) for DMA2_Stream7_IRQHandler
    startup_stm32h723xx.o(RESET) refers to stm32h7xx_it.o(i.OTG_HS_IRQHandler) for OTG_HS_IRQHandler
    startup_stm32h723xx.o(RESET) refers to stm32h7xx_it.o(i.UART7_IRQHandler) for UART7_IRQHandler
    startup_stm32h723xx.o(RESET) refers to stm32h7xx_it.o(i.SPI6_IRQHandler) for SPI6_IRQHandler
    startup_stm32h723xx.o(RESET) refers to stm32h7xx_it.o(i.USART10_IRQHandler) for USART10_IRQHandler
    startup_stm32h723xx.o(RESET) refers to stm32h7xx_it.o(i.FDCAN3_IT0_IRQHandler) for FDCAN3_IT0_IRQHandler
[...]
    0x08000934   0x08000934   0x0000003e   Code   RO        12113    .text               c_w.l(strlen.o)
    0x08000972   0x08000972   0x0000008a   Code   RO        12115    .text               c_w.l(rt_memcpy_v6.o)
    0x080009fc   0x080009fc   0x00000064   Code   RO        12117    .text               c_w.l(rt_memcpy_w.o)
    0x08000a60   0x08000a60   0x00000010   Code   RO        12121    .text               c_w.l(aeabi_memset.o)
    0x08000a70   0x08000a70   0x00000044   Code   RO        12123    .text               c_w.l(rt_memclr.o)
    0x08000ab4   0x08000ab4   0x0000004e   Code   RO        12125    .text               c_w.l(rt_memclr_w.o)
    0x08000b02   0x08000b02   0x00000006   Code   RO        12127    .text               c_w.l(heapauxi.o)
    0x08000b08   0x08000b08   0x00000008   Code   RO        12201    .text               c_w.l(rt_heap_descriptor_intlibspace.o)
    0x08000b10   0x08000b10   0x00000004   Code   RO        12203    .text               c_w.l(hguard.o)
    0x08000b14   0x08000b14   0x0000008a   Code   RO        12205    .text               c_w.l(init_alloc.o)
    0x08000b9e   0x08000b9e   0x0000000e   Code   RO        12211    .text               c_w.l(h1_init.o)
    0x08000bac   0x08000bac   0x0000004e   Code   RO        12213    .text               c_w.l(h1_free.o)
    0x08000bfa   0x08000bfa   0x00000016   Code   RO        12229    .text               c_w.l(_rserrno.o)
    0x08000c10   0x08000c10   0x000000b2   Code   RO        12231    .text               c_w.l(_printf_intcommon.o)
    0x08000cc2   0x08000cc2   0x00000002   PAD
    0x08000cc4   0x08000cc4   0x00000030   Code   RO        12233    .text               c_w.l(_printf_char_common.o)
    0x08000cf4   0x08000cf4   0x0000000a   Code   RO        12235    .text               c_w.l(_sputc.o)
    0x08000cfe   0x08000cfe   0x0000002c   Code   RO        12237    .text               c_w.l(_printf_char.o)
    0x08000d2a   0x08000d2a   0x00000002   PAD
    0x08000d2c   0x08000d2c   0x00000008   Code   RO        12306    .text               c_w.l(libspace.o)
    0x08000d34   0x08000d34   0x00000008   Code   RO        12329    .text               c_w.l(rt_errno_addr_intlibspace.o)
    0x08000d3c   0x08000d3c   0x00000034   Code   RO        12335    .text               c_w.l(h1_extend.o)
    0x08000d70   0x08000d70   0x0000000e   Code   RO        12341    .text               c_w.l(defsig_rtmem_outer.o)
    0x08000d7e   0x08000d7e   0x00000002   Code   RO        12352    .text               c_w.l(use_no_semi.o)
    0x08000d80   0x08000d80   0x00000000   Code   RO        12354    .text               c_w.l(indicate_semi.o)
    0x08000d80   0x08000d80   0x0000004a   Code   RO        12355    .text               c_w.l(sys_stackheap_outer.o)
    0x08000dca   0x08000dca   0x00000012   Code   RO        12361    .text               c_w.l(exit.o)
    0x08000ddc   0x08000ddc   0x0000000a   Code   RO        12363    .text               c_w.l(defsig_exit.o)
    0x08000de6   0x08000de6   0x00000002   PAD
    0x08000de8   0x08000de8   0x00000050   Code   RO        12369    .text               c_w.l(defsig_rtmem_inner.o)
    0x08000e38   0x08000e38   0x0000000c   Code   RO        12381    .text               c_w.l(sys_exit.o)
    0x08000e44   0x08000e44   0x00000032   Code   RO        12391    .text               c_w.l(defsig_general.o)
    0x08000e76   0x08000e76   0x0000000e   Code   RO        12413    .text               c_w.l(sys_wrch.o)
    0x08000e84   0x08000e84   0x00000090   Code   RO        11821    .text.arm_cos_f32   arm_cortexM7lfdp_math.lib(arm_cos_f32.o)
    0x08000f14   0x08000f14   0x000000be   Code   RO        11841    .text.arm_mat_add_f32  arm_cortexM7lfdp_math.lib(arm_mat_add_f32.o)
    0x08000fd2   0x08000fd2   0x00000008   Code   RO        11851    .text.arm_mat_init_f32  arm_cortexM7lfdp_math.lib(arm_mat_init_f32.o)
    0x08000fda   0x08000fda   0x00000002   PAD
    0x08000fdc   0x08000fdc   0x000002cc   Code   RO        11860    .text.arm_mat_inverse_f32  arm_cortexM7lfdp_math.lib(arm_mat_inverse_f32.o)
    0x080012a8   0x080012a8   0x00000130   Code   RO        11870    .text.arm_mat_mult_f32  arm_cortexM7lfdp_math.lib(arm_mat_mult_f32.o)
    0x080013d8   0x080013d8   0x000000be   Code   RO        11880    .text.arm_mat_sub_f32  arm_cortexM7lfdp_math.lib(arm_mat_sub_f32.o)
    0x08001496   0x08001496   0x00000002   PAD
    0x08001498   0x08001498   0x000000b4   Code   RO        11890    .text.arm_mat_trans_f32  arm_cortexM7lfdp_math.lib(arm_mat_trans_f32.o)
    0x0800154c   0x0800154c   0x0000008c   Code   RO        11831    .text.arm_sin_f32   arm_cortexM7lfdp_math.lib(arm_sin_f32.o)
    0x080015d8   0x080015d8   0x00000030   Code   RO        10328    i.Append_CRC16_Check_Sum  crc.o
    0x08001608   0x08001608   0x00000064   Code   RO        11023    i.Average_Add       filter.o
    0x0800166c   0x0800166c   0x00000040   Code   RO        11027    i.Average_Init      filter.o
    0x080016ac   0x080016ac   0x00000014   Code   RO        10070    i.BMI088_ACCEL_NS_H  bmi088middleware.o
    0x080016c0   0x080016c0   0x00000014   Code   RO        10071    i.BMI088_ACCEL_NS_L  bmi088middleware.o
    0x080016d4   0x080016d4   0x0000016c   Code   RO         9976    i.BMI088_Accel_Init  bmi088driver.o
    0x08001840   0x08001840   0x000000c0   Code   RO         9977    i.BMI088_Base_Init  bmi088driver.o
    0x08001900   0x08001900   0x00000014   Code   RO        10072    i.BMI088_GYRO_NS_H  bmi088middleware.o
    0x08001914   0x08001914   0x00000014   Code   RO        10073    i.BMI088_GYRO_NS_L  bmi088middleware.o
    0x08001928   0x08001928   0x00000130   Code   RO         9978    i.BMI088_Gyro_Init  bmi088driver.o
    0x08001a58   0x08001a58   0x00000016   Code   RO         9979    i.BMI088_Init       bmi088driver.o
    0x08001a6e   0x08001a6e   0x00000002   PAD
    0x08001a70   0x08001a70   0x00000330   Code   RO         9980    i.BMI088_Read       bmi088driver.o
    0x08001da0   0x08001da0   0x00000024   Code   RO        10074    i.BMI088_Read_Write_Byte  bmi088middleware.o
    0x08001dc4   0x08001dc4   0x00000026   Code   RO         9981    i.BMI088_read_muli_reg  bmi088driver.o
    0x08001dea   0x08001dea   0x00000018   Code   RO         9982    i.BMI088_read_single_reg  bmi088driver.o
    0x08001e02   0x08001e02   0x00000014   Code   RO         9983    i.BMI088_write_single_reg  bmi088driver.o
    0x08001e16   0x08001e16   0x0000015a   Code   RO        11326    i.BodyFrame_To_EarthFrame  ins_task.o
    0x08001f70   0x08001f70   0x00000004   Code   RO          690    i.BusFault_Handler  stm32h7xx_it.o
    0x08001f74   0x08001f74   0x00000044   Code   RO         1177    i.CDC_Control_HS    usbd_cdc_if.o
    0x08001fb8   0x08001fb8   0x00000004   Code   RO         1178    i.CDC_DeInit_HS     usbd_cdc_if.o
    0x08001fbc   0x08001fbc   0x00000024   Code   RO         1179    i.CDC_Init_HS       usbd_cdc_if.o
    0x08001fe0   0x08001fe0   0x0000001c   Code   RO         1180    i.CDC_Receive_HS    usbd_cdc_if.o
    0x08001ffc   0x08001ffc   0x0000000c   Code   RO         1181    i.CDC_TransmitCplt_HS  usbd_cdc_if.o
    0x08002008   0x08002008   0x00000038   Code   RO         1182    i.CDC_Transmit_HS   usbd_cdc_if.o
    0x08002040   0x08002040   0x0000066c   Code   RO         9984    i.Calibrate_MPU_Offset  bmi088driver.o
    0x080026ac   0x080026ac   0x0000011c   Code   RO        11465    i.Chassis_L_Base_Init  chassis_l_task.o
    0x080027c8   0x080027c8   0x00000094   Code   RO        11466    i.Chassis_L_Feedback_Update  chassis_l_task.o
    0x0800285c   0x0800285c   0x0000002c   Code   RO        11467    i.Chassis_L_Init    chassis_l_task.o
    0x08002888   0x08002888   0x00000058   Code   RO        11468    i.Chassis_L_Task    chassis_l_task.o
    0x080028e0   0x080028e0   0x00000118   Code   RO        11571    i.Chassis_R_Base_Init  chassis_r_task.o
    0x080029f8   0x080029f8   0x00000090   Code   RO        11572    i.Chassis_R_Feedback_Update  chassis_r_task.o
    0x08002a88   0x08002a88   0x0000002c   Code   RO        11573    i.Chassis_R_Init    chassis_r_task.o
    0x08002ab4   0x08002ab4   0x00000058   Code   RO        11574    i.Chassis_R_Task    chassis_r_task.o
    0x08002b0c   0x08002b0c   0x0000010c   Code   RO         9851    i.DJI3508_Control   dm_motor.o
    0x08002c18   0x08002c18   0x000000a4   Code   RO         9852    i.DJI3508_Decode    dm_motor.o
    0x08002cbc   0x08002cbc   0x000000c4   Code   RO         9853    i.DM4310_Decode     dm_motor.o
    0x08002d80   0x08002d80   0x00000098   Code   RO         9854    i.DM8009p_Decode    dm_motor.o
    0x08002e18   0x08002e18   0x00000010   Code   RO          691    i.DMA1_Stream0_IRQHandler  stm32h7xx_it.o
    0x08002e28   0x08002e28   0x00000010   Code   RO          692    i.DMA1_Stream1_IRQHandler  stm32h7xx_it.o
    0x08002e38   0x08002e38   0x00000010   Code   RO          693    i.DMA1_Stream2_IRQHandler  stm32h7xx_it.o
    0x08002e48   0x08002e48   0x00000010   Code   RO          694    i.DMA1_Stream3_IRQHandler  stm32h7xx_it.o
    0x08002e58   0x08002e58   0x00000010   Code   RO          695    i.DMA1_Stream5_IRQHandler  stm32h7xx_it.o
    0x08002e68   0x08002e68   0x00000010   Code   RO          696    i.DMA1_Stream7_IRQHandler  stm32h7xx_it.o
    0x08002e78   0x08002e78   0x00000010   Code   RO          697    i.DMA2_Stream0_IRQHandler  stm32h7xx_it.o
    0x08002e88   0x08002e88   0x00000010   Code   RO          698    i.DMA2_Stream1_IRQHandler  stm32h7xx_it.o
    0x08002e98   0x08002e98   0x00000010   Code   RO          699    i.DMA2_Stream2_IRQHandler  stm32h7xx_it.o
    0x08002ea8   0x08002ea8   0x00000010   Code   RO          700    i.DMA2_Stream4_IRQHandler  stm32h7xx_it.o
    0x08002eb8   0x08002eb8   0x00000010   Code   RO          701    i.DMA2_Stream5_IRQHandler  stm32h7xx_it.o
    0x08002ec8   0x08002ec8   0x00000010   Code   RO          702    i.DMA2_Stream6_IRQHandler  stm32h7xx_it.o
    0x08002ed8   0x08002ed8   0x00000010   Code   RO          703    i.DMA2_Stream7_IRQHandler  stm32h7xx_it.o
    0x08002ee8   0x08002ee8   0x000000ec   Code   RO         2795    i.DMA_CalcBaseAndBitshift  stm32h7xx_hal_dma.o
    0x08002fd4   0x08002fd4   0x000000c4   Code   RO         2796    i.DMA_CalcDMAMUXChannelBaseAndMask  stm32h7xx_hal_dma.o
    0x08003098   0x08003098   0x00000098   Code   RO         2797    i.DMA_CalcDMAMUXRequestGenBaseAndMask  stm32h7xx_hal_dma.o
    0x08003130   0x08003130   0x000000ae   Code   RO         2798    i.DMA_CheckFifoParam  stm32h7xx_hal_dma.o
    0x080031de   0x080031de   0x00000002   PAD
    0x080031e0   0x080031e0   0x00000274   Code   RO         2799    i.DMA_SetConfig     stm32h7xx_hal_dma.o
    0x08003454   0x08003454   0x000000f0   Code   RO         9855    i.DM_MIT_Control    dm_motor.o
    0x08003544   0x08003544   0x00000042   Code   RO         9856    i.DM_Motor_DISABLE  dm_motor.o
    0x08003586   0x08003586   0x00000042   Code   RO         9857    i.DM_Motor_ENABLE   dm_motor.o
    0x080035c8   0x080035c8   0x00000042   Code   RO         9858    i.DM_Motor_Set_Zeropoint  dm_motor.o
    0x0800360a   0x0800360a   0x00000002   PAD
    0x0800360c   0x0800360c   0x00000048   Code   RO         9440    i.DWT_CNT_Update    bsp_dwt.o
    0x08003654   0x08003654   0x0000003c   Code   RO         9441    i.DWT_Delay         bsp_dwt.o
    0x08003690   0x08003690   0x0000004c   Code   RO         9442    i.DWT_GetDeltaT     bsp_dwt.o
    0x080036dc   0x080036dc   0x00000054   Code   RO         9445    i.DWT_GetTimeline_s  bsp_dwt.o
    0x08003730   0x08003730   0x00000070   Code   RO         9447    i.DWT_Init          bsp_dwt.o
    0x080037a0   0x080037a0   0x000000d0   Code   RO         9448    i.DWT_SysTimeUpdate  bsp_dwt.o
    0x08003870   0x08003870   0x00000002   Code   RO          704    i.DebugMon_Handler  stm32h7xx_it.o
    0x08003872   0x08003872   0x0000015a   Code   RO        11327    i.EarthFrame_To_BodyFrame  ins_task.o
    0x080039cc   0x080039cc   0x00000006   Code   RO           13    i.Error_Handler     main.o
    0x080039d2   0x080039d2   0x00000002   PAD
    0x080039d4   0x080039d4   0x00000060   Code   RO         9521    i.FDCAN1_Config     bsp_can.o
    0x08003a34   0x08003a34   0x00000010   Code   RO          705    i.FDCAN1_IT0_IRQHandler  stm32h7xx_it.o
    0x08003a44   0x08003a44   0x00000010   Code   RO          706    i.FDCAN1_IT1_IRQHandler  stm32h7xx_it.o
    0x08003a54   0x08003a54   0x00000060   Code   RO         9522    i.FDCAN2_Config     bsp_can.o
    0x08003ab4   0x08003ab4   0x00000010   Code   RO          707    i.FDCAN2_IT0_IRQHandler  stm32h7xx_it.o
    0x08003ac4   0x08003ac4   0x00000010   Code   RO          708    i.FDCAN2_IT1_IRQHandler  stm32h7xx_it.o
    0x08003ad4   0x08003ad4   0x00000064   Code   RO         9523    i.FDCAN3_Config     bsp_can.o
    0x08003b38   0x08003b38   0x00000010   Code   RO          709    i.FDCAN3_IT0_IRQHandler  stm32h7xx_it.o
    0x08003b48   0x08003b48   0x00000010   Code   RO          710    i.FDCAN3_IT1_IRQHandler  stm32h7xx_it.o
    0x08003b58   0x08003b58   0x00000220   Code   RO         4594    i.FDCAN_CalcultateRamBlockAddresses  stm32h7xx_hal_fdcan.o
    0x08003d78   0x08003d78   0x000000d0   Code   RO         4595    i.FDCAN_CopyMessageToRAM  stm32h7xx_hal_fdcan.o
    0x08003e48   0x08003e48   0x0000010c   Code   RO        11123    i.F_Changing_Integral_Rate  digital_pid.o
    0x08003f54   0x08003f54   0x00000036   Code   RO        11124    i.F_Derivative_Filter  digital_pid.o
    0x08003f8a   0x08003f8a   0x00000022   Code   RO        11125    i.F_Derivative_On_Measurement  digital_pid.o
    0x08003fac   0x08003fac   0x000000a0   Code   RO        11126    i.F_Error_Handler   digital_pid.o
    0x0800404c   0x0800404c   0x00000140   Code   RO        11128    i.F_Integral_Limit  digital_pid.o
    0x0800418c   0x0800418c   0x00000056   Code   RO        11130    i.F_Output_Limit    digital_pid.o
    0x080041e2   0x080041e2   0x0000002e   Code   RO        11132    i.F_Trapezoid_Intergral  digital_pid.o
    0x08004210   0x08004210   0x00000024   Code   RO        10276    i.GPRMC_Init        gprmc.o
    0x08004234   0x08004234   0x00000002   Code   RO        10277    i.GPRMC_Rx_Callback  gprmc.o
    0x08004236   0x08004236   0x00000002   PAD
    0x08004238   0x08004238   0x00000138   Code   RO        10278    i.GPRMC_Tx_Test     gprmc.o
    0x08004370   0x08004370   0x00000034   Code   RO        10330    i.Get_CRC16_Check_Sum  crc.o
    0x080043a4   0x080043a4   0x00000034   Code   RO         1075    i.Get_SerialNum     usbd_desc.o
    0x080043d8   0x080043d8   0x0000002c   Code   RO        11774    i.Gimbal_Init       gimbal_task.o
    0x08004404   0x08004404   0x00000240   Code   RO        11775    i.Gimbal_Task       gimbal_task.o
    0x08004644   0x08004644   0x000004dc   Code   RO         2800    i.HAL_DMA_Abort     stm32h7xx_hal_dma.o
    0x08004b20   0x08004b20   0x00000398   Code   RO         2801    i.HAL_DMA_Abort_IT  stm32h7xx_hal_dma.o
    0x08004eb8   0x08004eb8   0x00000006   Code   RO         2803    i.HAL_DMA_GetError  stm32h7xx_hal_dma.o
    0x08004ebe   0x08004ebe   0x00000002   PAD
    0x08004ec0   0x08004ec0   0x00000af8   Code   RO         2805    i.HAL_DMA_IRQHandler  stm32h7xx_hal_dma.o
    0x080059b8   0x080059b8   0x00000514   Code   RO         2806    i.HAL_DMA_Init      stm32h7xx_hal_dma.o
    0x08005ecc   0x08005ecc   0x000003e0   Code   RO         2810    i.HAL_DMA_Start_IT  stm32h7xx_hal_dma.o
    0x080062ac   0x080062ac   0x00000028   Code   RO         3655    i.HAL_Delay         stm32h7xx_hal.o
    0x080062d4   0x080062d4   0x000000a8   Code   RO         4597    i.HAL_FDCAN_ActivateNotification  stm32h7xx_hal_fdcan.o
    0x0800637c   0x0800637c   0x00000090   Code   RO         4599    i.HAL_FDCAN_AddMessageToTxFifoQ  stm32h7xx_hal_fdcan.o
    0x0800640c   0x0800640c   0x00000002   Code   RO         4600    i.HAL_FDCAN_ClockCalibrationCallback  stm32h7xx_hal_fdcan.o
    0x0800640e   0x0800640e   0x000000a8   Code   RO         4604    i.HAL_FDCAN_ConfigFilter  stm32h7xx_hal_fdcan.o
    0x080064b6   0x080064b6   0x00000034   Code   RO         4605    i.HAL_FDCAN_ConfigGlobalFilter  stm32h7xx_hal_fdcan.o
    0x080064ea   0x080064ea   0x00000002   Code   RO         4626    i.HAL_FDCAN_ErrorCallback  stm32h7xx_hal_fdcan.o
    0x080064ec   0x080064ec   0x00000002   Code   RO         4627    i.HAL_FDCAN_ErrorStatusCallback  stm32h7xx_hal_fdcan.o
    0x080064ee   0x080064ee   0x00000002   PAD
    0x080064f0   0x080064f0   0x000001f4   Code   RO         4638    i.HAL_FDCAN_GetRxMessage  stm32h7xx_hal_fdcan.o
    0x080066e4   0x080066e4   0x00000002   Code   RO         4644    i.HAL_FDCAN_HighPriorityMessageCallback  stm32h7xx_hal_fdcan.o
    0x080066e6   0x080066e6   0x00000002   PAD
    0x080066e8   0x080066e8   0x000003d4   Code   RO         4645    i.HAL_FDCAN_IRQHandler  stm32h7xx_hal_fdcan.o
    0x08006abc   0x08006abc   0x000002e0   Code   RO         4646    i.HAL_FDCAN_Init    stm32h7xx_hal_fdcan.o
    0x08006d9c   0x08006d9c   0x0000023c   Code   RO          418    i.HAL_FDCAN_MspInit  fdcan.o
    0x08006fd8   0x08006fd8   0x00000002   Code   RO         4655    i.HAL_FDCAN_RxBufferNewMessageCallback  stm32h7xx_hal_fdcan.o
    0x08006fda   0x08006fda   0x00000002   PAD
    0x08006fdc   0x08006fdc   0x0000006c   Code   RO         9524    i.HAL_FDCAN_RxFifo0Callback  bsp_can.o
    0x08007048   0x08007048   0x000000b4   Code   RO         9525    i.HAL_FDCAN_RxFifo1Callback  bsp_can.o
    0x080070fc   0x080070fc   0x00000034   Code   RO         4658    i.HAL_FDCAN_Start   stm32h7xx_hal_fdcan.o
    0x08007130   0x08007130   0x00000002   Code   RO         4680    i.HAL_FDCAN_TT_GlobalTimeCallback  stm32h7xx_hal_fdcan.o
    0x08007132   0x08007132   0x00000002   Code   RO         4681    i.HAL_FDCAN_TT_ScheduleSyncCallback  stm32h7xx_hal_fdcan.o
    0x08007134   0x08007134   0x00000002   Code   RO         4686    i.HAL_FDCAN_TT_StopWatchCallback  stm32h7xx_hal_fdcan.o
    0x08007136   0x08007136   0x00000002   Code   RO         4687    i.HAL_FDCAN_TT_TimeMarkCallback  stm32h7xx_hal_fdcan.o
    0x08007138   0x08007138   0x00000002   Code   RO         4688    i.HAL_FDCAN_TimeoutOccurredCallback  stm32h7xx_hal_fdcan.o
    0x0800713a   0x0800713a   0x00000002   Code   RO         4689    i.HAL_FDCAN_TimestampWraparoundCallback  stm32h7xx_hal_fdcan.o
    0x0800713c   0x0800713c   0x00000002   Code   RO         4690    i.HAL_FDCAN_TxBufferAbortCallback  stm32h7xx_hal_fdcan.o
    0x0800713e   0x0800713e   0x00000002   Code   RO         4691    i.HAL_FDCAN_TxBufferCompleteCallback  stm32h7xx_hal_fdcan.o
    0x08007140   0x08007140   0x00000002   Code   RO         4692    i.HAL_FDCAN_TxEventFifoCallback  stm32h7xx_hal_fdcan.o
    0x08007142   0x08007142   0x00000002   Code   RO         4693    i.HAL_FDCAN_TxFifoEmptyCallback  stm32h7xx_hal_fdcan.o
    0x08007144   0x08007144   0x000001f0   Code   RO         2648    i.HAL_GPIO_Init     stm32h7xx_hal_gpio.o
    0x08007334   0x08007334   0x00000010   Code   RO         2650    i.HAL_GPIO_ReadPin  stm32h7xx_hal_gpio.o
    0x08007344   0x08007344   0x0000000c   Code   RO         2652    i.HAL_GPIO_WritePin  stm32h7xx_hal_gpio.o
    0x08007350   0x08007350   0x0000000c   Code   RO         3671    i.HAL_GetTick       stm32h7xx_hal.o
    0x0800735c   0x0800735c   0x00000018   Code   RO         3677    i.HAL_IncTick       stm32h7xx_hal.o
    0x08007374   0x08007374   0x00000060   Code   RO         3678    i.HAL_Init          stm32h7xx_hal.o
    0x080073d4   0x080073d4   0x000000a0   Code   RO          984    i.HAL_InitTick      stm32h7xx_hal_timebase_tim.o
    0x08007474   0x08007474   0x00000030   Code   RO          956    i.HAL_MspInit       stm32h7xx_hal_msp.o
    0x080074a4   0x080074a4   0x00000028   Code   RO         3498    i.HAL_NVIC_EnableIRQ  stm32h7xx_hal_cortex.o
    0x080074cc   0x080074cc   0x0000007a   Code   RO         3504    i.HAL_NVIC_SetPriority  stm32h7xx_hal_cortex.o
    0x08007546   0x08007546   0x00000002   PAD
    0x08007548   0x08007548   0x00000028   Code   RO         3505    i.HAL_NVIC_SetPriorityGrouping  stm32h7xx_hal_cortex.o
    0x08007570   0x08007570   0x00000028   Code   RO         1693    i.HAL_PCDEx_ActivateLPM  stm32h7xx_hal_pcd_ex.o
    0x08007598   0x08007598   0x00000002   Code   RO         1698    i.HAL_PCDEx_LPM_Callback  stm32h7xx_hal_pcd_ex.o
    0x0800759a   0x0800759a   0x0000000a   Code   RO         1699    i.HAL_PCDEx_SetRxFiFo  stm32h7xx_hal_pcd_ex.o
    0x080075a4   0x080075a4   0x0000004e   Code   RO         1700    i.HAL_PCDEx_SetTxFiFo  stm32h7xx_hal_pcd_ex.o
    0x080075f2   0x080075f2   0x0000000e   Code   RO         1244    i.HAL_PCD_ConnectCallback  usbd_conf.o
    0x08007600   0x08007600   0x00000020   Code   RO         1245    i.HAL_PCD_DataInStageCallback  usbd_conf.o
    0x08007620   0x08007620   0x00000020   Code   RO         1246    i.HAL_PCD_DataOutStageCallback  usbd_conf.o
    0x08007640   0x08007640   0x0000000e   Code   RO         1247    i.HAL_PCD_DisconnectCallback  usbd_conf.o
    0x0800764e   0x0800764e   0x00000042   Code   RO         1464    i.HAL_PCD_EP_Abort  stm32h7xx_hal_pcd.o
    0x08007690   0x08007690   0x0000006a   Code   RO         1465    i.HAL_PCD_EP_Close  stm32h7xx_hal_pcd.o
    0x080076fa   0x080076fa   0x0000007c   Code   RO         1466    i.HAL_PCD_EP_ClrStall  stm32h7xx_hal_pcd.o
    0x08007776   0x08007776   0x00000016   Code   RO         1468    i.HAL_PCD_EP_GetRxCount  stm32h7xx_hal_pcd.o
    0x0800778c   0x0800778c   0x0000008c   Code   RO         1469    i.HAL_PCD_EP_Open   stm32h7xx_hal_pcd.o
    0x08007818   0x08007818   0x00000046   Code   RO         1470    i.HAL_PCD_EP_Receive  stm32h7xx_hal_pcd.o
    0x0800785e   0x0800785e   0x0000008a   Code   RO         1471    i.HAL_PCD_EP_SetStall  stm32h7xx_hal_pcd.o
    0x080078e8   0x080078e8   0x00000048   Code   RO         1472    i.HAL_PCD_EP_Transmit  stm32h7xx_hal_pcd.o
    0x08007930   0x08007930   0x0000070e   Code   RO         1474    i.HAL_PCD_IRQHandler  stm32h7xx_hal_pcd.o
    0x0800803e   0x0800803e   0x00000012   Code   RO         1248    i.HAL_PCD_ISOINIncompleteCallback  usbd_conf.o
    0x08008050   0x08008050   0x00000012   Code   RO         1249    i.HAL_PCD_ISOOUTIncompleteCallback  usbd_conf.o
    0x08008062   0x08008062   0x0000015e   Code   RO         1477    i.HAL_PCD_Init      stm32h7xx_hal_pcd.o
    0x080081c0   0x080081c0   0x00000070   Code   RO         1251    i.HAL_PCD_MspInit   usbd_conf.o
    0x08008230   0x08008230   0x00000030   Code   RO         1252    i.HAL_PCD_ResetCallback  usbd_conf.o
    0x08008260   0x08008260   0x0000000e   Code   RO         1253    i.HAL_PCD_ResumeCallback  usbd_conf.o
    0x0800826e   0x0800826e   0x0000000e   Code   RO         1254    i.HAL_PCD_SOFCallback  usbd_conf.o
    0x0800827c   0x0800827c   0x00000034   Code   RO         1483    i.HAL_PCD_SetAddress  stm32h7xx_hal_pcd.o
    0x080082b0   0x080082b0   0x00000012   Code   RO         1255    i.HAL_PCD_SetupStageCallback  usbd_conf.o
    0x080082c2   0x080082c2   0x0000004c   Code   RO         1486    i.HAL_PCD_Start     stm32h7xx_hal_pcd.o
    0x0800830e   0x0800830e   0x00000002   PAD
    0x08008310   0x08008310   0x00000034   Code   RO         1256    i.HAL_PCD_SuspendCallback  usbd_conf.o
    0x08008344   0x08008344   0x00000060   Code   RO         3249    i.HAL_PWREx_ConfigSupply  stm32h7xx_hal_pwr_ex.o
    0x080083a4   0x080083a4   0x00000014   Code   RO         3266    i.HAL_PWREx_EnableUSBVoltageDetector  stm32h7xx_hal_pwr_ex.o
    0x080083b8   0x080083b8   0x00000024   Code   RO         2191    i.HAL_RCCEx_GetD3PCLK1Freq  stm32h7xx_hal_rcc_ex.o
    0x080083dc   0x080083dc   0x00000230   Code   RO         2193    i.HAL_RCCEx_GetPLL2ClockFreq  stm32h7xx_hal_rcc_ex.o
    0x0800860c   0x0800860c   0x00000230   Code   RO         2194    i.HAL_RCCEx_GetPLL3ClockFreq  stm32h7xx_hal_rcc_ex.o
    0x0800883c   0x0800883c   0x00000cc8   Code   RO         2200    i.HAL_RCCEx_PeriphCLKConfig  stm32h7xx_hal_rcc_ex.o
    0x08009504   0x08009504   0x00000320   Code   RO         2076    i.HAL_RCC_ClockConfig  stm32h7xx_hal_rcc.o
    0x08009824   0x08009824   0x0000006c   Code   RO         2080    i.HAL_RCC_GetClockConfig  stm32h7xx_hal_rcc.o
    0x08009890   0x08009890   0x0000004c   Code   RO         2081    i.HAL_RCC_GetHCLKFreq  stm32h7xx_hal_rcc.o
    0x080098dc   0x080098dc   0x00000024   Code   RO         2083    i.HAL_RCC_GetPCLK1Freq  stm32h7xx_hal_rcc.o
    0x08009900   0x08009900   0x00000024   Code   RO         2084    i.HAL_RCC_GetPCLK2Freq  stm32h7xx_hal_rcc.o
    0x08009924   0x08009924   0x0000022c   Code   RO         2085    i.HAL_RCC_GetSysClockFreq  stm32h7xx_hal_rcc.o
    0x08009b50   0x08009b50   0x0000075c   Code   RO         2088    i.HAL_RCC_OscConfig  stm32h7xx_hal_rcc.o
    0x0800a2ac   0x0800a2ac   0x00000098   Code   RO         7000    i.HAL_RS485Ex_Init  stm32h7xx_hal_uart_ex.o
    0x0800a344   0x0800a344   0x00000002   Code   RO         5219    i.HAL_SPI_ErrorCallback  stm32h7xx_hal_spi.o
    0x0800a346   0x0800a346   0x00000002   PAD
    0x0800a348   0x0800a348   0x00000294   Code   RO         5222    i.HAL_SPI_IRQHandler  stm32h7xx_hal_spi.o
    0x0800a5dc   0x0800a5dc   0x000001b0   Code   RO         5223    i.HAL_SPI_Init      stm32h7xx_hal_spi.o
    0x0800a78c   0x0800a78c   0x00000208   Code   RO          499    i.HAL_SPI_MspInit   spi.o
    0x0800a994   0x0800a994   0x000000a4   Code   RO         9781    i.HAL_SPI_RxCpltCallback  bsp_spi.o
    0x0800aa38   0x0800aa38   0x00000002   Code   RO         5231    i.HAL_SPI_SuspendCallback  stm32h7xx_hal_spi.o
    0x0800aa3a   0x0800aa3a   0x000002b4   Code   RO         5232    i.HAL_SPI_Transmit  stm32h7xx_hal_spi.o
    0x0800acee   0x0800acee   0x00000002   PAD
    0x0800acf0   0x0800acf0   0x00000454   Code   RO         5233    i.HAL_SPI_TransmitReceive  stm32h7xx_hal_spi.o
    0x0800b144   0x0800b144   0x000001d4   Code   RO         5236    i.HAL_SPI_Transmit_DMA  stm32h7xx_hal_spi.o
    0x0800b318   0x0800b318   0x000000e4   Code   RO         5237    i.HAL_SPI_Transmit_IT  stm32h7xx_hal_spi.o
    0x0800b3fc   0x0800b3fc   0x00000002   Code   RO         5238    i.HAL_SPI_TxCpltCallback  stm32h7xx_hal_spi.o
    0x0800b3fe   0x0800b3fe   0x00000002   Code   RO         5239    i.HAL_SPI_TxHalfCpltCallback  stm32h7xx_hal_spi.o
    0x0800b400   0x0800b400   0x0000000c   Code   RO         9782    i.HAL_SPI_TxRxCpltCallback  bsp_spi.o
    0x0800b40c   0x0800b40c   0x00000002   Code   RO         6273    i.HAL_TIMEx_Break2Callback  stm32h7xx_hal_tim_ex.o
    0x0800b40e   0x0800b40e   0x00000002   Code   RO         6274    i.HAL_TIMEx_BreakCallback  stm32h7xx_hal_tim_ex.o
    0x0800b410   0x0800b410   0x00000002   Code   RO         6275    i.HAL_TIMEx_CommutCallback  stm32h7xx_hal_tim_ex.o
    0x0800b412   0x0800b412   0x00000002   PAD
    0x0800b414   0x0800b414   0x000000c8   Code   RO         6277    i.HAL_TIMEx_ConfigBreakDeadTime  stm32h7xx_hal_tim_ex.o
    0x0800b4dc   0x0800b4dc   0x000000e4   Code   RO         6296    i.HAL_TIMEx_MasterConfigSynchronization  stm32h7xx_hal_tim_ex.o
    0x0800b5c0   0x0800b5c0   0x0000006e   Code   RO         5548    i.HAL_TIM_Base_Init  stm32h7xx_hal_tim.o
    0x0800b62e   0x0800b62e   0x00000002   Code   RO         5550    i.HAL_TIM_Base_MspInit  stm32h7xx_hal_tim.o
    0x0800b630   0x0800b630   0x000000cc   Code   RO         5553    i.HAL_TIM_Base_Start_IT  stm32h7xx_hal_tim.o
    0x0800b6fc   0x0800b6fc   0x00000002   Code   RO         5582    i.HAL_TIM_IC_CaptureCallback  stm32h7xx_hal_tim.o
    0x0800b6fe   0x0800b6fe   0x00000198   Code   RO         5596    i.HAL_TIM_IRQHandler  stm32h7xx_hal_tim.o
    0x0800b896   0x0800b896   0x00000002   PAD
    0x0800b898   0x0800b898   0x000000ec   Code   RO          550    i.HAL_TIM_MspPostInit  tim.o
    0x0800b984   0x0800b984   0x00000002   Code   RO         5599    i.HAL_TIM_OC_DelayElapsedCallback  stm32h7xx_hal_tim.o
    0x0800b986   0x0800b986   0x00000170   Code   RO         5620    i.HAL_TIM_PWM_ConfigChannel  stm32h7xx_hal_tim.o
    0x0800baf6   0x0800baf6   0x0000006e   Code   RO         5623    i.HAL_TIM_PWM_Init  stm32h7xx_hal_tim.o
    0x0800bb64   0x0800bb64   0x000000dc   Code   RO          552    i.HAL_TIM_PWM_MspInit  tim.o
    0x0800bc40   0x0800bc40   0x00000038   Code   RO        11776    i.HAL_TIM_PWM_PulseFinishedCallback  gimbal_task.o
    0x0800bc78   0x0800bc78   0x000001d0   Code   RO         5630    i.HAL_TIM_PWM_Start_IT  stm32h7xx_hal_tim.o
    0x0800be48   0x0800be48   0x00000018   Code   RO           14    i.HAL_TIM_PeriodElapsedCallback  main.o
    0x0800be60   0x0800be60   0x00000002   Code   RO         5639    i.HAL_TIM_TriggerCallback  stm32h7xx_hal_tim.o
    0x0800be62   0x0800be62   0x0000004e   Code   RO         7001    i.HAL_UARTEx_DisableFifoMode  stm32h7xx_hal_uart_ex.o
    0x0800beb0   0x0800beb0   0x00000062   Code   RO         7007    i.HAL_UARTEx_ReceiveToIdle_DMA  stm32h7xx_hal_uart_ex.o
    0x0800bf12   0x0800bf12   0x00000002   PAD
    0x0800bf14   0x0800bf14   0x0000026c   Code   RO         9616    i.HAL_UARTEx_RxEventCallback  bsp_usart.o
    0x0800c180   0x0800c180   0x00000002   Code   RO         7009    i.HAL_UARTEx_RxFifoFullCallback  stm32h7xx_hal_uart_ex.o
    0x0800c182   0x0800c182   0x0000005e   Code   RO         7010    i.HAL_UARTEx_SetRxFifoThreshold  stm32h7xx_hal_uart_ex.o
    0x0800c1e0   0x0800c1e0   0x0000005e   Code   RO         7011    i.HAL_UARTEx_SetTxFifoThreshold  stm32h7xx_hal_uart_ex.o
    0x0800c23e   0x0800c23e   0x00000002   Code   RO         7013    i.HAL_UARTEx_TxFifoEmptyCallback  stm32h7xx_hal_uart_ex.o
    0x0800c240   0x0800c240   0x00000002   Code   RO         7014    i.HAL_UARTEx_WakeupCallback  stm32h7xx_hal_uart_ex.o
    0x0800c242   0x0800c242   0x000000be   Code   RO         6597    i.HAL_UART_DMAStop  stm32h7xx_hal_uart.o
    0x0800c300   0x0800c300   0x000002d0   Code   RO         9617    i.HAL_UART_ErrorCallback  bsp_usart.o
    0x0800c5d0   0x0800c5d0   0x00000494   Code   RO         6604    i.HAL_UART_IRQHandler  stm32h7xx_hal_uart.o
    0x0800ca64   0x0800ca64   0x00000078   Code   RO         6605    i.HAL_UART_Init     stm32h7xx_hal_uart.o
    0x0800cadc   0x0800cadc   0x00000720   Code   RO          615    i.HAL_UART_MspInit  usart.o
    0x0800d1fc   0x0800d1fc   0x00000002   Code   RO         6612    i.HAL_UART_RxCpltCallback  stm32h7xx_hal_uart.o
    0x0800d1fe   0x0800d1fe   0x00000002   Code   RO         6613    i.HAL_UART_RxHalfCpltCallback  stm32h7xx_hal_uart.o
    0x0800d200   0x0800d200   0x000000c2   Code   RO         6614    i.HAL_UART_Transmit  stm32h7xx_hal_uart.o
    0x0800d2c2   0x0800d2c2   0x00000002   PAD
    0x0800d2c4   0x0800d2c4   0x000000a0   Code   RO         6615    i.HAL_UART_Transmit_DMA  stm32h7xx_hal_uart.o
    0x0800d364   0x0800d364   0x000000ac   Code   RO         6616    i.HAL_UART_Transmit_IT  stm32h7xx_hal_uart.o
    0x0800d410   0x0800d410   0x00000002   Code   RO         6617    i.HAL_UART_TxCpltCallback  stm32h7xx_hal_uart.o
    0x0800d412   0x0800d412   0x00000002   Code   RO         6618    i.HAL_UART_TxHalfCpltCallback  stm32h7xx_hal_uart.o
    0x0800d414   0x0800d414   0x00000130   Code   RO        10510    i.H_K_R_Adjustment  kalman_filter.o
    0x0800d544   0x0800d544   0x00000004   Code   RO          711    i.HardFault_Handler  stm32h7xx_it.o
    0x0800d548   0x0800d548   0x000000d4   Code   RO        11328    i.INS_Init          ins_task.o
    0x0800d61c   0x0800d61c   0x000004d4   Code   RO        11329    i.INS_Task          ins_task.o
    0x0800daf0   0x0800daf0   0x0000003e   Code   RO         1076    i.IntToUnicode      usbd_desc.o
    0x0800db2e   0x0800db2e   0x00000002   PAD
    0x0800db30   0x0800db30   0x0000070c   Code   RO        10511    i.Kalman_Filter_Init  kalman_filter.o
    0x0800e23c   0x0800e23c   0x00000050   Code   RO        10512    i.Kalman_Filter_Measure  kalman_filter.o
    0x0800e28c   0x0800e28c   0x00000068   Code   RO        10513    i.Kalman_Filter_P_Update  kalman_filter.o
    0x0800e2f4   0x0800e2f4   0x00000068   Code   RO        10514    i.Kalman_Filter_PminusUpdate  kalman_filter.o
    0x0800e35c   0x0800e35c   0x000000d2   Code   RO        10515    i.Kalman_Filter_SetK  kalman_filter.o
    0x0800e42e   0x0800e42e   0x00000002   PAD
    0x0800e430   0x0800e430   0x0000012c   Code   RO        10516    i.Kalman_Filter_Update  kalman_filter.o
    0x0800e55c   0x0800e55c   0x0000007c   Code   RO        10517    i.Kalman_Filter_xhatMinusUpdate  kalman_filter.o
    0x0800e5d8   0x0800e5d8   0x00000086   Code   RO        10518    i.Kalman_Filter_xhatUpdate  kalman_filter.o
    0x0800e65e   0x0800e65e   0x00000032   Code   RO        10635    i.LQR_K_Calc        vmc_calc.o
    0x0800e690   0x0800e690   0x000006a0   Code   RO        11469    i.Left_Control      chassis_l_task.o
    0x0800ed30   0x0800ed30   0x00000120   Code   RO        10636    i.Leg_Force_Calc    vmc_calc.o
    0x0800ee50   0x0800ee50   0x0000015c   Code   RO        11524    i.Leg_Pensation_Init  chassis_leg_task.o
    0x0800efac   0x0800efac   0x00000028   Code   RO        11525    i.Leg_Saturate      chassis_leg_task.o
    0x0800efd4   0x0800efd4   0x00000020   Code   RO        10461    i.LowPass_Filter1p_Init  lpf.o
    0x0800eff4   0x0800eff4   0x0000006c   Code   RO        10462    i.LowPass_Filter1p_Update  lpf.o
    0x0800f060   0x0800f060   0x00000110   Code   RO          389    i.MX_DMA_Init       dma.o
    0x0800f170   0x0800f170   0x00000088   Code   RO          419    i.MX_FDCAN1_Init    fdcan.o
    0x0800f1f8   0x0800f1f8   0x00000084   Code   RO          420    i.MX_FDCAN2_Init    fdcan.o
    0x0800f27c   0x0800f27c   0x00000084   Code   RO          421    i.MX_FDCAN3_Init    fdcan.o
    0x0800f300   0x0800f300   0x00000020   Code   RO          325    i.MX_FREERTOS_Init  freertos.o
    0x0800f320   0x0800f320   0x0000011c   Code   RO          297    i.MX_GPIO_Init      gpio.o
    0x0800f43c   0x0800f43c   0x00000064   Code   RO          500    i.MX_SPI2_Init      spi.o
    0x0800f4a0   0x0800f4a0   0x00000064   Code   RO          501    i.MX_SPI6_Init      spi.o
    0x0800f504   0x0800f504   0x00000080   Code   RO          553    i.MX_TIM12_Init     tim.o
    0x0800f584   0x0800f584   0x000000dc   Code   RO          554    i.MX_TIM1_Init      tim.o
    0x0800f660   0x0800f660   0x00000098   Code   RO          555    i.MX_TIM2_Init      tim.o
    0x0800f6f8   0x0800f6f8   0x00000078   Code   RO          616    i.MX_UART5_Init     usart.o
    0x0800f770   0x0800f770   0x0000006c   Code   RO          617    i.MX_UART7_Init     usart.o
    0x0800f7dc   0x0800f7dc   0x0000006c   Code   RO          618    i.MX_USART10_UART_Init  usart.o
    0x0800f848   0x0800f848   0x0000006c   Code   RO          619    i.MX_USART1_UART_Init  usart.o
    0x0800f8b4   0x0800f8b4   0x00000070   Code   RO          620    i.MX_USART2_UART_Init  usart.o
    0x0800f924   0x0800f924   0x00000070   Code   RO          621    i.MX_USART3_UART_Init  usart.o
    0x0800f994   0x0800f994   0x00000050   Code   RO         1023    i.MX_USB_DEVICE_Init  usb_device.o
    0x0800f9e4   0x0800f9e4   0x00000038   Code   RO        11217    i.Mahony_Init       mahony_filter.o
    0x0800fa1c   0x0800fa1c   0x0000001e   Code   RO        11218    i.Mahony_Input      mahony_filter.o
    0x0800fa3a   0x0800fa3a   0x0000004a   Code   RO        11219    i.Mahony_Output     mahony_filter.o
    0x0800fa84   0x0800fa84   0x00000286   Code   RO        11220    i.Mahony_Update     mahony_filter.o
    0x0800fd0a   0x0800fd0a   0x00000004   Code   RO          712    i.MemManage_Handler  stm32h7xx_it.o
    0x0800fd0e   0x0800fd0e   0x00000002   PAD
    0x0800fd10   0x0800fd10   0x0000002c   Code   RO        11735    i.Message_Center_Init  message_center_task.o
    0x0800fd3c   0x0800fd3c   0x000004b0   Code   RO        11736    i.Message_Center_Task  message_center_task.o
    0x080101ec   0x080101ec   0x00000004   Code   RO          713    i.NMI_Handler       stm32h7xx_it.o
    0x080101f0   0x080101f0   0x00000010   Code   RO          714    i.OTG_HS_IRQHandler  stm32h7xx_it.o
    0x08010200   0x08010200   0x00000068   Code   RO        11629    i.Observe_Init      observe_task.o
    0x08010268   0x08010268   0x00000424   Code   RO        11630    i.Observe_Task      observe_task.o
    0x0801068c   0x0801068c   0x00000064   Code   RO         1489    i.PCD_EP_OutSetupPacket_int  stm32h7xx_hal_pcd.o
    0x080106f0   0x080106f0   0x00000144   Code   RO         1490    i.PCD_EP_OutXfrComplete_int  stm32h7xx_hal_pcd.o
    0x08010834   0x08010834   0x000000b6   Code   RO         1491    i.PCD_WriteEmptyTxFifo  stm32h7xx_hal_pcd.o
    0x080108ea   0x080108ea   0x00000002   PAD
    0x080108ec   0x080108ec   0x000001b0   Code   RO        11135    i.PID_Position      digital_pid.o
    0x08010a9c   0x08010a9c   0x00000164   Code   RO         2203    i.RCCEx_PLL2_Config  stm32h7xx_hal_rcc_ex.o
    0x08010c00   0x08010c00   0x00000164   Code   RO         2204    i.RCCEx_PLL3_Config  stm32h7xx_hal_rcc_ex.o
    0x08010d64   0x08010d64   0x0000002c   Code   RO        11404    i.Remote_Control_Init  remote_control_task.o
    0x08010d90   0x08010d90   0x00000734   Code   RO        11405    i.Remote_Control_Task  remote_control_task.o
    0x080114c4   0x080114c4   0x000006cc   Code   RO        11575    i.Right_Control     chassis_r_task.o
    0x08011b90   0x08011b90   0x0000012e   Code   RO        11221    i.RotationMatrix_Update  mahony_filter.o
    0x08011cbe   0x08011cbe   0x00000002   PAD
    0x08011cc0   0x08011cc0   0x00000024   Code   RO        10190    i.SBUS_Init         sbus.o
    0x08011ce4   0x08011ce4   0x0000001c   Code   RO        10191    i.SBUS_Rx_Callback  sbus.o
    0x08011d00   0x08011d00   0x00000010   Code   RO          715    i.SPI2_IRQHandler   stm32h7xx_it.o
    0x08011d10   0x08011d10   0x00000010   Code   RO          716    i.SPI6_IRQHandler   stm32h7xx_it.o
    0x08011d20   0x08011d20   0x000000d6   Code   RO         5243    i.SPI_CloseTransfer  stm32h7xx_hal_spi.o
    0x08011df6   0x08011df6   0x0000001c   Code   RO         5244    i.SPI_DMAAbortOnError  stm32h7xx_hal_spi.o
    0x08011e12   0x08011e12   0x00000030   Code   RO         5245    i.SPI_DMAError      stm32h7xx_hal_spi.o
    0x08011e42   0x08011e42   0x0000000e   Code   RO         5247    i.SPI_DMAHalfTransmitCplt  stm32h7xx_hal_spi.o
    0x08011e50   0x08011e50   0x0000002e   Code   RO         5251    i.SPI_DMATransmitCplt  stm32h7xx_hal_spi.o
    0x08011e7e   0x08011e7e   0x0000001a   Code   RO         5254    i.SPI_GetPacketSize  stm32h7xx_hal_spi.o
    0x08011e98   0x08011e98   0x0000005c   Code   RO         9784    i.SPI_Register      bsp_spi.o
    0x08011ef4   0x08011ef4   0x0000005c   Code   RO         9786    i.SPI_Transmit      bsp_spi.o
    0x08011f50   0x08011f50   0x00000030   Code   RO         5258    i.SPI_TxISR_16BIT   stm32h7xx_hal_spi.o
    0x08011f80   0x08011f80   0x0000002c   Code   RO         5259    i.SPI_TxISR_32BIT   stm32h7xx_hal_spi.o
    0x08011fac   0x08011fac   0x0000002e   Code   RO         5260    i.SPI_TxISR_8BIT    stm32h7xx_hal_spi.o
    0x08011fda   0x08011fda   0x00000042   Code   RO         5261    i.SPI_WaitOnFlagUntilTimeout  stm32h7xx_hal_spi.o
    0x0801201c   0x0801201c   0x00000012   Code   RO         9142    i.SWAPBYTE          usbd_ctlreq.o
    0x0801202e   0x0801202e   0x00000002   PAD
    0x08012030   0x08012030   0x00000024   Code   RO          326    i.StartDefaultTask  freertos.o
    0x08012054   0x08012054   0x00000016   Code   RO         8305    i.SysTick_Handler   cmsis_os2.o
    0x0801206a   0x0801206a   0x00000002   PAD
    0x0801206c   0x0801206c   0x000000bc   Code   RO           15    i.SystemClock_Config  main.o
    0x08012128   0x08012128   0x000000e0   Code   RO         7125    i.SystemInit        system_stm32h7xx.o
    0x08012208   0x08012208   0x00000010   Code   RO          717    i.TIM1_BRK_IRQHandler  stm32h7xx_it.o
    0x08012218   0x08012218   0x00000010   Code   RO          718    i.TIM1_CC_IRQHandler  stm32h7xx_it.o
    0x08012228   0x08012228   0x00000010   Code   RO          719    i.TIM1_TRG_COM_IRQHandler  stm32h7xx_it.o
    0x08012238   0x08012238   0x00000010   Code   RO          720    i.TIM1_UP_IRQHandler  stm32h7xx_it.o
    0x08012248   0x08012248   0x00000010   Code   RO          721    i.TIM2_IRQHandler   stm32h7xx_it.o
    0x08012258   0x08012258   0x00000010   Code   RO          722    i.TIM3_IRQHandler   stm32h7xx_it.o
    0x08012268   0x08012268   0x000000f0   Code   RO         5641    i.TIM_Base_SetConfig  stm32h7xx_hal_tim.o
    0x08012358   0x08012358   0x00000022   Code   RO         5642    i.TIM_CCxChannelCmd  stm32h7xx_hal_tim.o
    0x0801237a   0x0801237a   0x00000002   PAD
    0x0801237c   0x0801237c   0x000000ac   Code   RO         5654    i.TIM_OC1_SetConfig  stm32h7xx_hal_tim.o
    0x08012428   0x08012428   0x000000b4   Code   RO         5655    i.TIM_OC2_SetConfig  stm32h7xx_hal_tim.o
    0x080124dc   0x080124dc   0x000000b4   Code   RO         5656    i.TIM_OC3_SetConfig  stm32h7xx_hal_tim.o
    0x08012590   0x08012590   0x00000074   Code   RO         5657    i.TIM_OC4_SetConfig  stm32h7xx_hal_tim.o
    0x08012604   0x08012604   0x00000070   Code   RO         5658    i.TIM_OC5_SetConfig  stm32h7xx_hal_tim.o
    0x08012674   0x08012674   0x00000070   Code   RO         5659    i.TIM_OC6_SetConfig  stm32h7xx_hal_tim.o
    0x080126e4   0x080126e4   0x00000010   Code   RO          723    i.UART5_IRQHandler  stm32h7xx_it.o
    0x080126f4   0x080126f4   0x00000010   Code   RO          724    i.UART7_IRQHandler  stm32h7xx_it.o
    0x08012704   0x08012704   0x00000058   Code   RO         7015    i.UARTEx_SetNbDataToProcess  stm32h7xx_hal_uart_ex.o
    0x0801275c   0x0801275c   0x000000f8   Code   RO         6619    i.UART_AdvFeatureConfig  stm32h7xx_hal_uart.o
    0x08012854   0x08012854   0x000000ea   Code   RO         6620    i.UART_CheckIdleState  stm32h7xx_hal_uart.o
    0x0801293e   0x0801293e   0x00000018   Code   RO         6621    i.UART_DMAAbortOnError  stm32h7xx_hal_uart.o
    0x08012956   0x08012956   0x0000005e   Code   RO         6622    i.UART_DMAError     stm32h7xx_hal_uart.o
    0x080129b4   0x080129b4   0x000000ae   Code   RO         6623    i.UART_DMAReceiveCplt  stm32h7xx_hal_uart.o
    0x08012a62   0x08012a62   0x00000026   Code   RO         6625    i.UART_DMARxHalfCplt  stm32h7xx_hal_uart.o
    0x08012a88   0x08012a88   0x00000054   Code   RO         6627    i.UART_DMATransmitCplt  stm32h7xx_hal_uart.o
    0x08012adc   0x08012adc   0x0000000e   Code   RO         6629    i.UART_DMATxHalfCplt  stm32h7xx_hal_uart.o
    0x08012aea   0x08012aea   0x00000002   PAD
    0x08012aec   0x08012aec   0x0000006c   Code   RO         6631    i.UART_EndRxTransfer  stm32h7xx_hal_uart.o
    0x08012b58   0x08012b58   0x00000030   Code   RO         6632    i.UART_EndTransmit_IT  stm32h7xx_hal_uart.o
    0x08012b88   0x08012b88   0x00000040   Code   RO         6633    i.UART_EndTxTransfer  stm32h7xx_hal_uart.o
    0x08012bc8   0x08012bc8   0x00000628   Code   RO         6638    i.UART_SetConfig    stm32h7xx_hal_uart.o
    0x080131f0   0x080131f0   0x000000c8   Code   RO         6639    i.UART_Start_Receive_DMA  stm32h7xx_hal_uart.o
    0x080132b8   0x080132b8   0x00000062   Code   RO         6641    i.UART_TxISR_16BIT  stm32h7xx_hal_uart.o
    0x0801331a   0x0801331a   0x00000082   Code   RO         6642    i.UART_TxISR_16BIT_FIFOEN  stm32h7xx_hal_uart.o
    0x0801339c   0x0801339c   0x0000005c   Code   RO         6643    i.UART_TxISR_8BIT   stm32h7xx_hal_uart.o
    0x080133f8   0x080133f8   0x0000007e   Code   RO         6644    i.UART_TxISR_8BIT_FIFOEN  stm32h7xx_hal_uart.o
    0x08013476   0x08013476   0x000000ac   Code   RO         6645    i.UART_WaitOnFlagUntilTimeout  stm32h7xx_hal_uart.o
    0x08013522   0x08013522   0x00000002   PAD
    0x08013524   0x08013524   0x00000010   Code   RO          725    i.USART10_IRQHandler  stm32h7xx_it.o
    0x08013534   0x08013534   0x00000010   Code   RO          726    i.USART1_IRQHandler  stm32h7xx_it.o
    0x08013544   0x08013544   0x00000010   Code   RO          727    i.USART2_IRQHandler  stm32h7xx_it.o
    0x08013554   0x08013554   0x00000010   Code   RO          728    i.USART3_IRQHandler  stm32h7xx_it.o
    0x08013564   0x08013564   0x0000008c   Code   RO         9618    i.USART_Error_Lost  bsp_usart.o
    0x080135f0   0x080135f0   0x00000016   Code   RO         9619    i.USART_Is_Ready    bsp_usart.o
    0x08013606   0x08013606   0x00000002   PAD
    0x08013608   0x08013608   0x00000088   Code   RO         9620    i.USART_Register    bsp_usart.o
    0x08013690   0x08013690   0x0000005c   Code   RO         9621    i.USART_Send        bsp_usart.o
    0x080136ec   0x080136ec   0x00000178   Code   RO         9622    i.USART_Service_Init  bsp_usart.o
    0x08013864   0x08013864   0x000000c4   Code   RO         9325    i.USBD_CDC_DataIn   usbd_cdc.o
    0x08013928   0x08013928   0x00000048   Code   RO         9326    i.USBD_CDC_DataOut  usbd_cdc.o
    0x08013970   0x08013970   0x000000d4   Code   RO         9327    i.USBD_CDC_DeInit   usbd_cdc.o
    0x08013a44   0x08013a44   0x00000050   Code   RO         9328    i.USBD_CDC_EP0_RxReady  usbd_cdc.o
    0x08013a94   0x08013a94   0x00000010   Code   RO         9329    i.USBD_CDC_GetDeviceQualifierDescriptor  usbd_cdc.o
    0x08013aa4   0x08013aa4   0x00000044   Code   RO         9330    i.USBD_CDC_GetFSCfgDesc  usbd_cdc.o
    0x08013ae8   0x08013ae8   0x00000048   Code   RO         9331    i.USBD_CDC_GetHSCfgDesc  usbd_cdc.o
    0x08013b30   0x08013b30   0x00000044   Code   RO         9332    i.USBD_CDC_GetOtherSpeedCfgDesc  usbd_cdc.o
    0x08013b74   0x08013b74   0x000001a0   Code   RO         9333    i.USBD_CDC_Init     usbd_cdc.o
    0x08013d14   0x08013d14   0x00000050   Code   RO         9334    i.USBD_CDC_ReceivePacket  usbd_cdc.o
    0x08013d64   0x08013d64   0x00000018   Code   RO         9335    i.USBD_CDC_RegisterInterface  usbd_cdc.o
    0x08013d7c   0x08013d7c   0x0000001e   Code   RO         9336    i.USBD_CDC_SetRxBuffer  usbd_cdc.o
    0x08013d9a   0x08013d9a   0x00000024   Code   RO         9337    i.USBD_CDC_SetTxBuffer  usbd_cdc.o
    0x08013dbe   0x08013dbe   0x00000140   Code   RO         9338    i.USBD_CDC_Setup    usbd_cdc.o
    0x08013efe   0x08013efe   0x00000002   PAD
    0x08013f00   0x08013f00   0x0000005c   Code   RO         9339    i.USBD_CDC_TransmitPacket  usbd_cdc.o
    0x08013f5c   0x08013f5c   0x0000001c   Code   RO         8970    i.USBD_ClrClassConfig  usbd_core.o
    0x08013f78   0x08013f78   0x0000003e   Code   RO         9143    i.USBD_ClrFeature   usbd_ctlreq.o
    0x08013fb6   0x08013fb6   0x00000006   Code   RO         8971    i.USBD_CoreFindEP   usbd_core.o
    0x08013fbc   0x08013fbc   0x00000006   Code   RO         8972    i.USBD_CoreFindIF   usbd_core.o
    0x08013fc2   0x08013fc2   0x00000018   Code   RO         9255    i.USBD_CtlContinueRx  usbd_ioreq.o
    0x08013fda   0x08013fda   0x00000018   Code   RO         9256    i.USBD_CtlContinueSendData  usbd_ioreq.o
    0x08013ff2   0x08013ff2   0x00000018   Code   RO         9144    i.USBD_CtlError     usbd_ctlreq.o
    0x0801400a   0x0801400a   0x00000028   Code   RO         9257    i.USBD_CtlPrepareRx  usbd_ioreq.o
    0x08014032   0x08014032   0x0000001a   Code   RO         9258    i.USBD_CtlReceiveStatus  usbd_ioreq.o
    0x0801404c   0x0801404c   0x00000022   Code   RO         9259    i.USBD_CtlSendData  usbd_ioreq.o
    0x0801406e   0x0801406e   0x0000001a   Code   RO         9260    i.USBD_CtlSendStatus  usbd_ioreq.o
    0x08014088   0x08014088   0x00000056   Code   RO         9145    i.USBD_GetConfig    usbd_ctlreq.o
    0x080140de   0x080140de   0x00000232   Code   RO         9146    i.USBD_GetDescriptor  usbd_ctlreq.o
    0x08014310   0x08014310   0x00000050   Code   RO         8974    i.USBD_GetEpDesc    usbd_core.o
    0x08014360   0x08014360   0x00000016   Code   RO         9147    i.USBD_GetLen       usbd_ctlreq.o
    0x08014376   0x08014376   0x00000014   Code   RO         8975    i.USBD_GetNextDesc  usbd_core.o
    0x0801438a   0x0801438a   0x0000005a   Code   RO         9148    i.USBD_GetStatus    usbd_ctlreq.o
    0x080143e4   0x080143e4   0x00000068   Code   RO         9149    i.USBD_GetString    usbd_ctlreq.o
    0x0801444c   0x0801444c   0x0000002c   Code   RO         1257    i.USBD_Get_USB_Status  usbd_conf.o
    0x08014478   0x08014478   0x00000034   Code   RO         1077    i.USBD_HS_ConfigStrDescriptor  usbd_desc.o
    0x080144ac   0x080144ac   0x00000010   Code   RO         1078    i.USBD_HS_DeviceDescriptor  usbd_desc.o
    0x080144bc   0x080144bc   0x00000038   Code   RO         1079    i.USBD_HS_InterfaceStrDescriptor  usbd_desc.o
    0x080144f4   0x080144f4   0x00000010   Code   RO         1080    i.USBD_HS_LangIDStrDescriptor  usbd_desc.o
    0x08014504   0x08014504   0x0000002c   Code   RO         1081    i.USBD_HS_ManufacturerStrDescriptor  usbd_desc.o
    0x08014530   0x08014530   0x00000040   Code   RO         1082    i.USBD_HS_ProductStrDescriptor  usbd_desc.o
    0x08014570   0x08014570   0x00000018   Code   RO         1083    i.USBD_HS_SerialStrDescriptor  usbd_desc.o
    0x08014588   0x08014588   0x0000003a   Code   RO         8976    i.USBD_Init         usbd_core.o
    0x080145c2   0x080145c2   0x00000026   Code   RO         1258    i.USBD_LL_ClearStallEP  usbd_conf.o
    0x080145e8   0x080145e8   0x00000026   Code   RO         1259    i.USBD_LL_CloseEP   usbd_conf.o
    0x0801460e   0x0801460e   0x00000108   Code   RO         8977    i.USBD_LL_DataInStage  usbd_core.o
    0x08014716   0x08014716   0x00000102   Code   RO         8978    i.USBD_LL_DataOutStage  usbd_core.o
    0x08014818   0x08014818   0x00000006   Code   RO         8979    i.USBD_LL_DevConnected  usbd_core.o
    0x0801481e   0x0801481e   0x00000026   Code   RO         8980    i.USBD_LL_DevDisconnected  usbd_core.o
    0x08014844   0x08014844   0x00000012   Code   RO         1263    i.USBD_LL_GetRxDataSize  usbd_conf.o
    0x08014856   0x08014856   0x00000002   PAD
    0x08014858   0x08014858   0x00000070   Code   RO         1264    i.USBD_LL_Init      usbd_conf.o
    0x080148c8   0x080148c8   0x00000038   Code   RO         1265    i.USBD_LL_IsStallEP  usbd_conf.o
    0x08014900   0x08014900   0x00000048   Code   RO         8981    i.USBD_LL_IsoINIncomplete  usbd_core.o
    0x08014948   0x08014948   0x00000048   Code   RO         8982    i.USBD_LL_IsoOUTIncomplete  usbd_core.o
    0x08014990   0x08014990   0x00000030   Code   RO         1266    i.USBD_LL_OpenEP    usbd_conf.o
    0x080149c0   0x080149c0   0x00000030   Code   RO         1267    i.USBD_LL_PrepareReceive  usbd_conf.o
    0x080149f0   0x080149f0   0x0000006c   Code   RO         8983    i.USBD_LL_Reset     usbd_core.o
    0x08014a5c   0x08014a5c   0x00000016   Code   RO         8984    i.USBD_LL_Resume    usbd_core.o
    0x08014a72   0x08014a72   0x00000028   Code   RO         8985    i.USBD_LL_SOF       usbd_core.o
    0x08014a9a   0x08014a9a   0x00000008   Code   RO         8986    i.USBD_LL_SetSpeed  usbd_core.o
    0x08014aa2   0x08014aa2   0x00000026   Code   RO         1268    i.USBD_LL_SetUSBAddress  usbd_conf.o
    0x08014ac8   0x08014ac8   0x00000076   Code   RO         8987    i.USBD_LL_SetupStage  usbd_core.o
    0x08014b3e   0x08014b3e   0x00000026   Code   RO         1269    i.USBD_LL_StallEP   usbd_conf.o
    0x08014b64   0x08014b64   0x0000001e   Code   RO         1270    i.USBD_LL_Start     usbd_conf.o
    0x08014b82   0x08014b82   0x0000001c   Code   RO         8988    i.USBD_LL_Suspend   usbd_core.o
    0x08014b9e   0x08014b9e   0x00000030   Code   RO         1272    i.USBD_LL_Transmit  usbd_conf.o
    0x08014bce   0x08014bce   0x00000036   Code   RO         9150    i.USBD_ParseSetupRequest  usbd_ctlreq.o
    0x08014c04   0x08014c04   0x00000048   Code   RO         8989    i.USBD_RegisterClass  usbd_core.o
    0x08014c4c   0x08014c4c   0x00000006   Code   RO         8990    i.USBD_RunTestMode  usbd_core.o
    0x08014c52   0x08014c52   0x0000005a   Code   RO         9151    i.USBD_SetAddress   usbd_ctlreq.o
    0x08014cac   0x08014cac   0x00000020   Code   RO         8991    i.USBD_SetClassConfig  usbd_core.o
    0x08014ccc   0x08014ccc   0x00000104   Code   RO         9152    i.USBD_SetConfig    usbd_ctlreq.o
    0x08014dd0   0x08014dd0   0x00000038   Code   RO         9153    i.USBD_SetFeature   usbd_ctlreq.o
    0x08014e08   0x08014e08   0x0000000c   Code   RO         8992    i.USBD_Start        usbd_core.o
    0x08014e14   0x08014e14   0x000000ae   Code   RO         9154    i.USBD_StdDevReq    usbd_ctlreq.o
    0x08014ec2   0x08014ec2   0x00000280   Code   RO         9155    i.USBD_StdEPReq     usbd_ctlreq.o
    0x08015142   0x08015142   0x000000ae   Code   RO         9156    i.USBD_StdItfReq    usbd_ctlreq.o
    0x080151f0   0x080151f0   0x00000002   Code   RO         1273    i.USBD_static_free  usbd_conf.o
    0x080151f2   0x080151f2   0x00000002   PAD
    0x080151f4   0x080151f4   0x0000000c   Code   RO         1274    i.USBD_static_malloc  usbd_conf.o
    0x08015200   0x08015200   0x000000d0   Code   RO         1765    i.USB_ActivateEndpoint  stm32h7xx_ll_usb.o
    0x080152d0   0x080152d0   0x00000028   Code   RO         1767    i.USB_ActivateSetup  stm32h7xx_ll_usb.o
    0x080152f8   0x080152f8   0x000000a0   Code   RO         1769    i.USB_CoreInit      stm32h7xx_ll_usb.o
    0x08015398   0x08015398   0x00000054   Code   RO         1770    i.USB_CoreReset     stm32h7xx_ll_usb.o
    0x080153ec   0x080153ec   0x0000014c   Code   RO         1773    i.USB_DeactivateEndpoint  stm32h7xx_ll_usb.o
    0x08015538   0x08015538   0x00000024   Code   RO         1774    i.USB_DevConnect    stm32h7xx_ll_usb.o
    0x0801555c   0x0801555c   0x00000024   Code   RO         1775    i.USB_DevDisconnect  stm32h7xx_ll_usb.o
    0x08015580   0x08015580   0x000001e0   Code   RO         1776    i.USB_DevInit       stm32h7xx_ll_usb.o
    0x08015760   0x08015760   0x0000000e   Code   RO         1777    i.USB_DisableGlobalInt  stm32h7xx_ll_usb.o
    0x0801576e   0x0801576e   0x00000002   PAD
    0x08015770   0x08015770   0x00000070   Code   RO         1780    i.USB_EP0_OutStart  stm32h7xx_ll_usb.o
    0x080157e0   0x080157e0   0x0000008e   Code   RO         1781    i.USB_EPClearStall  stm32h7xx_ll_usb.o
    0x0801586e   0x0801586e   0x0000009a   Code   RO         1782    i.USB_EPSetStall    stm32h7xx_ll_usb.o
    0x08015908   0x08015908   0x000003b4   Code   RO         1783    i.USB_EPStartXfer   stm32h7xx_ll_usb.o
    0x08015cbc   0x08015cbc   0x000000ec   Code   RO         1784    i.USB_EPStopXfer    stm32h7xx_ll_usb.o
    0x08015da8   0x08015da8   0x0000000e   Code   RO         1785    i.USB_EnableGlobalInt  stm32h7xx_ll_usb.o
    0x08015db6   0x08015db6   0x00000050   Code   RO         1786    i.USB_FlushRxFifo   stm32h7xx_ll_usb.o
    0x08015e06   0x08015e06   0x00000054   Code   RO         1787    i.USB_FlushTxFifo   stm32h7xx_ll_usb.o
    0x08015e5a   0x08015e5a   0x00000026   Code   RO         1789    i.USB_GetDevSpeed   stm32h7xx_ll_usb.o
    0x08015e80   0x08015e80   0x0000000a   Code   RO         1791    i.USB_GetMode       stm32h7xx_ll_usb.o
    0x08015e8a   0x08015e8a   0x00000014   Code   RO         1799    i.USB_ReadDevAllInEpInterrupt  stm32h7xx_ll_usb.o
    0x08015e9e   0x08015e9e   0x00000014   Code   RO         1800    i.USB_ReadDevAllOutEpInterrupt  stm32h7xx_ll_usb.o
    0x08015eb2   0x08015eb2   0x00000032   Code   RO         1801    i.USB_ReadDevInEPInterrupt  stm32h7xx_ll_usb.o
    0x08015ee4   0x08015ee4   0x0000001a   Code   RO         1802    i.USB_ReadDevOutEPInterrupt  stm32h7xx_ll_usb.o
    0x08015efe   0x08015efe   0x0000000a   Code   RO         1803    i.USB_ReadInterrupts  stm32h7xx_ll_usb.o
    0x08015f08   0x08015f08   0x00000060   Code   RO         1804    i.USB_ReadPacket    stm32h7xx_ll_usb.o
    0x08015f68   0x08015f68   0x00000068   Code   RO         1806    i.USB_SetCurrentMode  stm32h7xx_ll_usb.o
    0x08015fd0   0x08015fd0   0x0000002a   Code   RO         1807    i.USB_SetDevAddress  stm32h7xx_ll_usb.o
    0x08015ffa   0x08015ffa   0x00000012   Code   RO         1808    i.USB_SetDevSpeed   stm32h7xx_ll_usb.o
    0x0801600c   0x0801600c   0x000000e8   Code   RO         1809    i.USB_SetTurnaroundTime  stm32h7xx_ll_usb.o
    0x080160f4   0x080160f4   0x00000044   Code   RO         1812    i.USB_WritePacket   stm32h7xx_ll_usb.o
    0x08016138   0x08016138   0x00000004   Code   RO          729    i.UsageFault_Handler  stm32h7xx_it.o
    0x0801613c   0x0801613c   0x00000584   Code   RO        10637    i.VMC_Calc_Base_Data  vmc_calc.o
    0x080166c0   0x080166c0   0x00000048   Code   RO        10639    i.VMC_FN_Ground_Detection_L  vmc_calc.o
    0x08016708   0x08016708   0x00000048   Code   RO        10640    i.VMC_FN_Ground_Detection_R  vmc_calc.o
    0x08016750   0x08016750   0x00000044   Code   RO        10641    i.VMC_Init          vmc_calc.o
    0x08016794   0x08016794   0x000000a0   Code   RO        11686    i.V_Device_Init     robot_init_config.o
    0x08016834   0x08016834   0x00000070   Code   RO          327    i.V_LED_Control     freertos.o
    0x080168a4   0x080168a4   0x00000024   Code   RO        11687    i.V_MCU_Init        robot_init_config.o
    0x080168c8   0x080168c8   0x00000020   Code   RO        11688    i.V_OS_Task_Init    robot_init_config.o
    0x080168e8   0x080168e8   0x00000040   Code   RO        10332    i.Verify_CRC16_Check_Sum  crc.o
    0x08016928   0x08016928   0x00000094   Code   RO        10236    i.WS2812_Control    ws2812.o
    0x080169bc   0x080169bc   0x00000034   Code   RO        10237    i.WS2812_Init       ws2812.o
    0x080169f0   0x080169f0   0x00000026   Code   RO        12288    i.__ARM_fpclassifyf  m_wv.l(fpclassifyf.o)
    0x08016a16   0x08016a16   0x00000002   PAD
    0x08016a18   0x08016a18   0x00000010   Code   RO         3511    i.__NVIC_GetPriorityGrouping  stm32h7xx_hal_cortex.o
    0x08016a28   0x08016a28   0x00000028   Code   RO         3512    i.__NVIC_SetPriority  stm32h7xx_hal_cortex.o
    0x08016a50   0x08016a50   0x00000006   Code   RO         8307    i.__get_IPSR        cmsis_os2.o
    0x08016a56   0x08016a56   0x00000002   PAD
    0x08016a58   0x08016a58   0x00000138   Code   RO        12143    i.__hardfp_asinf    m_wv.l(asinf.o)
    0x08016b90   0x08016b90   0x000002b4   Code   RO        12155    i.__hardfp_atan2f   m_wv.l(atan2f.o)
    0x08016e44   0x08016e44   0x00000066   Code   RO        12167    i.__hardfp_sqrt     m_wv.l(sqrt.o)
    0x08016eaa   0x08016eaa   0x0000003a   Code   RO        12179    i.__hardfp_sqrtf    m_wv.l(sqrtf.o)
    0x08016ee4   0x08016ee4   0x00000006   Code   RO        12291    i.__mathlib_flt_infnan  m_wv.l(funder.o)
    0x08016eea   0x08016eea   0x00000006   Code   RO        12292    i.__mathlib_flt_infnan2  m_wv.l(funder.o)
    0x08016ef0   0x08016ef0   0x00000010   Code   RO        12293    i.__mathlib_flt_invalid  m_wv.l(funder.o)
    0x08016f00   0x08016f00   0x00000010   Code   RO        12296    i.__mathlib_flt_underflow  m_wv.l(funder.o)
    0x08016f10   0x08016f10   0x0000000e   Code   RO        12097    i._is_digit         c_w.l(__printf_wp.o)
    0x08016f1e   0x08016f1e   0x00000036   Code   RO         9526    i.canx_send_data    bsp_can.o
    0x08016f54   0x08016f54   0x00000084   Code   RO        10279    i.checkNum          gprmc.o
    0x08016fd8   0x08016fd8   0x0000000a   Code   RO         9985    i.fabsf             bmi088driver.o
    0x08016fe2   0x08016fe2   0x0000000a   Code   RO        11330    i.fabsf             ins_task.o
    0x08016fec   0x08016fec   0x0000002a   Code   RO        10718    i.float_constrain   user_lib.o
    0x08017016   0x08017016   0x00000032   Code   RO         9863    i.float_to_uint     dm_motor.o
    0x08017048   0x08017048   0x00000006   Code   RO         9864    i.joint_motor_init  dm_motor.o
    0x0801704e   0x0801704e   0x00000064   Code   RO           16    i.main              main.o
    0x080170b2   0x080170b2   0x0000001e   Code   RO        11406    i.map_range         remote_control_task.o
    0x080170d0   0x080170d0   0x0000001e   Code   RO         8308    i.osDelay           cmsis_os2.o
    0x080170ee   0x080170ee   0x00000034   Code   RO         8309    i.osDelayUntil      cmsis_os2.o
    0x08017122   0x08017122   0x0000001a   Code   RO         8320    i.osKernelGetTickCount  cmsis_os2.o
    0x0801713c   0x0801713c   0x0000002c   Code   RO         8322    i.osKernelInitialize  cmsis_os2.o
    0x08017168   0x08017168   0x00000060   Code   RO         8325    i.osKernelStart     cmsis_os2.o
    0x080171c8   0x080171c8   0x000000b8   Code   RO         8367    i.osThreadNew       cmsis_os2.o
    0x08017280   0x08017280   0x0000007c   Code   RO         7742    i.prvAddCurrentTaskToDelayedList  tasks.o
    0x080172fc   0x080172fc   0x000000b8   Code   RO         7743    i.prvAddNewTaskToReadyList  tasks.o
    0x080173b4   0x080173b4   0x00000074   Code   RO         8118    i.prvCheckForValidListAndQueue  timers.o
    0x08017428   0x08017428   0x00000048   Code   RO         7744    i.prvCheckTasksWaitingTermination  tasks.o
    0x08017470   0x08017470   0x0000002a   Code   RO         7329    i.prvCopyDataFromQueue  queue.o
    0x0801749a   0x0801749a   0x0000007e   Code   RO         7330    i.prvCopyDataToQueue  queue.o
    0x08017518   0x08017518   0x00000050   Code   RO         7745    i.prvDeleteTCB      tasks.o
    0x08017568   0x08017568   0x00000028   Code   RO         8119    i.prvGetNextExpireTime  timers.o
    0x08017590   0x08017590   0x0000007c   Code   RO         8835    i.prvHeapInit       heap_4.o
    0x0801760c   0x0801760c   0x00000028   Code   RO         7746    i.prvIdleTask       tasks.o
    0x08017634   0x08017634   0x0000002a   Code   RO         7333    i.prvInitialiseNewQueue  queue.o
    0x0801765e   0x0801765e   0x000000be   Code   RO         7747    i.prvInitialiseNewTask  tasks.o
    0x0801771c   0x0801771c   0x00000068   Code   RO         7748    i.prvInitialiseTaskLists  tasks.o
    0x08017784   0x08017784   0x00000068   Code   RO         8836    i.prvInsertBlockIntoFreeList  heap_4.o
    0x080177ec   0x080177ec   0x00000058   Code   RO         8121    i.prvInsertTimerInActiveList  timers.o
    0x08017844   0x08017844   0x0000001a   Code   RO         7334    i.prvIsQueueEmpty   queue.o
    0x0801785e   0x0801785e   0x0000001e   Code   RO         7335    i.prvIsQueueFull    queue.o
    0x0801787c   0x0801787c   0x00000074   Code   RO         8122    i.prvProcessExpiredTimer  timers.o
    0x080178f0   0x080178f0   0x00000164   Code   RO         8123    i.prvProcessReceivedCommands  timers.o
    0x08017a54   0x08017a54   0x00000074   Code   RO         8124    i.prvProcessTimerOrBlockTask  timers.o
    0x08017ac8   0x08017ac8   0x00000034   Code   RO         7750    i.prvResetNextTaskUnblockTime  tasks.o
    0x08017afc   0x08017afc   0x0000002c   Code   RO         8125    i.prvSampleTimeNow  timers.o
    0x08017b28   0x08017b28   0x000000a4   Code   RO         8126    i.prvSwitchTimerLists  timers.o
    0x08017bcc   0x08017bcc   0x00000040   Code   RO         8891    i.prvTaskExitError  port.o
    0x08017c0c   0x08017c0c   0x0000001a   Code   RO         8127    i.prvTimerTask      timers.o
    0x08017c26   0x08017c26   0x0000007e   Code   RO         7336    i.prvUnlockQueue    queue.o
    0x08017ca4   0x08017ca4   0x0000014c   Code   RO         8837    i.pvPortMalloc      heap_4.o
    0x08017df0   0x08017df0   0x0000002c   Code   RO         8892    i.pxPortInitialiseStack  port.o
    0x08017e1c   0x08017e1c   0x00000416   Code   RO        10723    i.ramp_calc         user_lib.o
    0x08018232   0x08018232   0x00000002   PAD
    0x08018234   0x08018234   0x0000004c   Code   RO        10724    i.ramp_init         user_lib.o
    0x08018280   0x08018280   0x000001f8   Code   RO        10192    i.sbus_frame_parse  sbus.o
    0x08018478   0x08018478   0x0000003e   Code   RO        12181    i.sqrtf             m_wv.l(sqrtf.o)
    0x080184b6   0x080184b6   0x00000034   Code   RO         9865    i.uint_to_float     dm_motor.o
    0x080184ea   0x080184ea   0x00000028   Code   RO         7289    i.uxListRemove      list.o
    0x08018512   0x08018512   0x00000002   PAD
    0x08018514   0x08018514   0x00000018   Code   RO         8379    i.vApplicationGetIdleTaskMemory  cmsis_os2.o
    0x0801852c   0x0801852c   0x00000018   Code   RO         8380    i.vApplicationGetTimerTaskMemory  cmsis_os2.o
    0x08018544   0x08018544   0x0000001a   Code   RO         7290    i.vListInitialise   list.o
    0x0801855e   0x0801855e   0x00000006   Code   RO         7291    i.vListInitialiseItem  list.o
    0x08018564   0x08018564   0x00000034   Code   RO         7292    i.vListInsert       list.o
    0x08018598   0x08018598   0x00000018   Code   RO         7293    i.vListInsertEnd    list.o
    0x080185b0   0x080185b0   0x00000054   Code   RO         8894    i.vPortEnterCritical  port.o
    0x08018604   0x08018604   0x0000003c   Code   RO         8895    i.vPortExitCritical  port.o
    0x08018640   0x08018640   0x000000a4   Code   RO         8838    i.vPortFree         heap_4.o
    0x080186e4   0x080186e4   0x00000028   Code   RO         8896    i.vPortSetupTimerInterrupt  port.o
    0x0801870c   0x0801870c   0x00000078   Code   RO         8897    i.vPortValidateInterruptPriority  port.o
    0x08018784   0x08018784   0x0000002c   Code   RO         7342    i.vQueueAddToRegistry  queue.o
    0x080187b0   0x080187b0   0x0000004a   Code   RO         7346    i.vQueueWaitForMessageRestricted  queue.o
    0x080187fa   0x080187fa   0x00000002   PAD
    0x080187fc   0x080187fc   0x0000005c   Code   RO         7763    i.vTaskDelay        tasks.o
    0x08018858   0x08018858   0x000000d4   Code   RO         7764    i.vTaskDelayUntil   tasks.o
    0x0801892c   0x0801892c   0x00000018   Code   RO         7768    i.vTaskInternalSetTimeOutState  tasks.o
    0x08018944   0x08018944   0x0000000c   Code   RO         7769    i.vTaskMissedYield  tasks.o
    0x08018950   0x08018950   0x00000038   Code   RO         7771    i.vTaskPlaceOnEventList  tasks.o
    0x08018988   0x08018988   0x00000040   Code   RO         7772    i.vTaskPlaceOnEventListRestricted  tasks.o
    0x080189c8   0x080189c8   0x000000b8   Code   RO         7780    i.vTaskStartScheduler  tasks.o
    0x08018a80   0x08018a80   0x00000010   Code   RO         7782    i.vTaskSuspendAll   tasks.o
    0x08018a90   0x08018a90   0x00000090   Code   RO         7783    i.vTaskSwitchContext  tasks.o
    0x08018b20   0x08018b20   0x00000044   Code   RO        10130    i.vofa_send_indefinite_len_data  vofa.o
    0x08018b64   0x08018b64   0x00000018   Code   RO        10132    i.vofa_transmit     vofa.o
    0x08018b7c   0x08018b7c   0x00000168   Code   RO         8898    i.xPortStartScheduler  port.o
    0x08018ce4   0x08018ce4   0x00000034   Code   RO         8899    i.xPortSysTickHandler  port.o
    0x08018d18   0x08018d18   0x000000e0   Code   RO         7352    i.xQueueGenericCreateStatic  queue.o
    0x08018df8   0x08018df8   0x00000098   Code   RO         7353    i.xQueueGenericReset  queue.o
    0x08018e90   0x08018e90   0x000001a8   Code   RO         7354    i.xQueueGenericSend  queue.o
    0x08019038   0x08019038   0x000000fc   Code   RO         7355    i.xQueueGenericSendFromISR  queue.o
    0x08019134   0x08019134   0x00000168   Code   RO         7364    i.xQueueReceive     queue.o
    0x0801929c   0x0801929c   0x0000008c   Code   RO         7785    i.xTaskCheckForTimeOut  tasks.o
    0x08019328   0x08019328   0x00000064   Code   RO         7786    i.xTaskCreate       tasks.o
    0x0801938c   0x0801938c   0x000000ba   Code   RO         7787    i.xTaskCreateStatic  tasks.o
    0x08019446   0x08019446   0x00000002   PAD
    0x08019448   0x08019448   0x00000020   Code   RO         7791    i.xTaskGetSchedulerState  tasks.o
    0x08019468   0x08019468   0x0000000c   Code   RO         7792    i.xTaskGetTickCount  tasks.o
    0x08019474   0x08019474   0x00000014   Code   RO         7793    i.xTaskGetTickCountFromISR  tasks.o
    0x08019488   0x08019488   0x00000144   Code   RO         7794    i.xTaskIncrementTick  tasks.o
    0x080195cc   0x080195cc   0x000000a4   Code   RO         7797    i.xTaskPriorityDisinherit  tasks.o
    0x08019670   0x08019670   0x00000098   Code   RO         7799    i.xTaskRemoveFromEventList  tasks.o
    0x08019708   0x08019708   0x00000104   Code   RO         7800    i.xTaskResumeAll    tasks.o
    0x0801980c   0x0801980c   0x00000078   Code   RO         8136    i.xTimerCreateTimerTask  timers.o
    0x08019884   0x08019884   0x00000084   Code   RO         8137    i.xTimerGenericCommand  timers.o
    0x08019908   0x08019908   0x00000074   Code   RO        11631    i.xvEstimateKF_Init  observe_task.o
    0x0801997c   0x0801997c   0x00000048   Code   RO        11632    i.xvEstimateKF_Update  observe_task.o
    0x080199c4   0x080199c4   0x0000000a   Code   RO        12350    x$fpl$fpinit        fz_wv.l(fpinit.o)
    0x080199ce   0x080199ce   0x00000000   Code   RO        12287    x$fpl$usenofp       fz_wv.l(usenofp.o)
    0x080199ce   0x080199ce   0x00000002   PAD
    0x080199d0   0x080199d0   0x00000024   Data   RO          328    .constdata          freertos.o
    0x080199f4   0x080199f4   0x00000008   Data   RO         2812    .constdata          stm32h7xx_hal_dma.o
    0x080199fc   0x080199fc   0x0000005c   Data   RO         4694    .constdata          stm32h7xx_hal_fdcan.o
    0x08019a58   0x08019a58   0x00000018   Data   RO         6646    .constdata          stm32h7xx_hal_uart.o
    0x08019a70   0x08019a70   0x00000010   Data   RO         7017    .constdata          stm32h7xx_hal_uart_ex.o
    0x08019a80   0x08019a80   0x00000010   Data   RO         7126    .constdata          system_stm32h7xx.o
    0x08019a90   0x08019a90   0x00000302   Data   RO        10334    .constdata          crc.o
    0x08019d92   0x08019d92   0x00000002   PAD
    0x08019d94   0x08019d94   0x00000024   Data   RO        11332    .constdata          ins_task.o
    0x08019db8   0x08019db8   0x00000024   Data   RO        11407    .constdata          remote_control_task.o
    0x08019ddc   0x08019ddc   0x00000024   Data   RO        11471    .constdata          chassis_l_task.o
    0x08019e00   0x08019e00   0x00000008   Data   RO        11527    .constdata          chassis_leg_task.o
    0x08019e08   0x08019e08   0x00000024   Data   RO        11577    .constdata          chassis_r_task.o
    0x08019e2c   0x08019e2c   0x00000034   Data   RO        11634    .constdata          observe_task.o
    0x08019e60   0x08019e60   0x00000024   Data   RO        11737    .constdata          message_center_task.o
    0x08019e84   0x08019e84   0x00000024   Data   RO        11778    .constdata          gimbal_task.o
    0x08019ea8   0x08019ea8   0x00000028   Data   RO        12070    .constdata          c_w.l(_printf_hex_int.o)
    0x08019ed0   0x08019ed0   0x00000011   Data   RO        12100    .constdata          c_w.l(__printf_flags_wp.o)
    0x08019ee1   0x08019ee1   0x00000003   PAD
    0x08019ee4   0x08019ee4   0x0000000c   Data   RO          329    .conststring        freertos.o
    0x08019ef0   0x08019ef0   0x00000009   Data   RO        11333    .conststring        ins_task.o
    0x08019ef9   0x08019ef9   0x00000003   PAD
    0x08019efc   0x08019efc   0x00000014   Data   RO        11408    .conststring        remote_control_task.o
    0x08019f10   0x08019f10   0x0000000f   Data   RO        11472    .conststring        chassis_l_task.o
    0x08019f1f   0x08019f1f   0x00000001   PAD
    0x08019f20   0x08019f20   0x0000000f   Data   RO        11578    .conststring        chassis_r_task.o
    0x08019f2f   0x08019f2f   0x00000001   PAD
    0x08019f30   0x08019f30   0x0000000d   Data   RO        11635    .conststring        observe_task.o
    0x08019f3d   0x08019f3d   0x00000003   PAD
    0x08019f40   0x08019f40   0x00000014   Data   RO        11738    .conststring        message_center_task.o
    0x08019f54   0x08019f54   0x0000000c   Data   RO        11779    .conststring        gimbal_task.o
    0x08019f60   0x08019f60   0x00000804   Data   RO        11986    .rodata.sinTable_f32  arm_cortexM7lfdp_math.lib(arm_common_tables.o)
    0x0801a764   0x0801a764   0x00000020   Data   RO        12441    Region$$Table       anon$$obj.o


    Execution Region RW_IRAM1 (Exec base: 0x20000000, Load base: 0x0801a784, Size: 0x00000000, Max: 0x00020000, ABSOLUTE)

    **** No section assigned to this execution region ****


    Execution Region RW_IRAM2 (Exec base: 0x24000000, Load base: 0x0801a784, Size: 0x000097e8, Max: 0x00050000, ABSOLUTE, COMPRESSED[0x000003d8])

    Exec Addr    Load Addr    Size         Type   Attr      Idx    E Section Name        Object

    0x24000000   COMPRESSED   0x0000000f   Data   RW          330    .data               freertos.o
    0x2400000f   COMPRESSED   0x00000001   PAD
    0x24000010   COMPRESSED   0x00000004   Data   RW          423    .data               fdcan.o
    0x24000014   COMPRESSED   0x0000005e   Data   RW         1086    .data               usbd_desc.o
    0x24000072   COMPRESSED   0x00000002   PAD
    0x24000074   COMPRESSED   0x00000014   Data   RW         1184    .data               usbd_cdc_if.o
    0x24000088   COMPRESSED   0x00000009   Data   RW         3702    .data               stm32h7xx_hal.o
    0x24000091   COMPRESSED   0x00000003   PAD
    0x24000094   COMPRESSED   0x00000008   Data   RW         7127    .data               system_stm32h7xx.o
    0x2400009c   COMPRESSED   0x0000003c   Data   RW         7803    .data               tasks.o
    0x240000d8   COMPRESSED   0x00000014   Data   RW         8145    .data               timers.o
    0x240000ec   COMPRESSED   0x00000004   Data   RW         8382    .data               cmsis_os2.o
    0x240000f0   COMPRESSED   0x00000020   Data   RW         8844    .data               heap_4.o
    0x24000110   COMPRESSED   0x0000000c   Data   RW         8900    .data               port.o
    0x2400011c   COMPRESSED   0x00000001   Data   RW         9157    .data               usbd_ctlreq.o
    0x2400011d   COMPRESSED   0x00000003   PAD
    0x24000120   COMPRESSED   0x0000008a   Data   RW         9340    .data               usbd_cdc.o
    0x240001aa   COMPRESSED   0x00000006   PAD
    0x240001b0   COMPRESSED   0x00000048   Data   RW         9449    .data               bsp_dwt.o
    0x240001f8   COMPRESSED   0x00000001   Data   RW         9624    .data               bsp_usart.o
    0x240001f9   COMPRESSED   0x00000003   PAD
    0x240001fc   COMPRESSED   0x0000000b   Data   RW         9788    .data               bsp_spi.o
    0x24000207   COMPRESSED   0x00000001   PAD
    0x24000208   COMPRESSED   0x0000000a   Data   RW         9867    .data               dm_motor.o
    0x24000212   COMPRESSED   0x00000002   PAD
    0x24000214   COMPRESSED   0x0000004a   Data   RW         9987    .data               bmi088driver.o
    0x2400025e   COMPRESSED   0x00000002   PAD
    0x24000260   COMPRESSED   0x00000004   Data   RW        10075    .data               bmi088middleware.o
    0x24000264   COMPRESSED   0x00000006   Data   RW        10134    .data               vofa.o
    0x2400026a   COMPRESSED   0x00000002   PAD
    0x2400026c   COMPRESSED   0x00000004   Data   RW        10194    .data               sbus.o
    0x24000270   COMPRESSED   0x00000008   Data   RW        10238    .data               ws2812.o
    0x24000278   COMPRESSED   0x00000100   Data   RW        10281    .data               gprmc.o
    0x24000378   COMPRESSED   0x00000002   Data   RW        10335    .data               crc.o
    0x2400037a   COMPRESSED   0x00000004   Data   RW        10519    .data               kalman_filter.o
    0x2400037e   COMPRESSED   0x00000002   PAD
    0x24000380   COMPRESSED   0x0000000c   Data   RW        10642    .data               vmc_calc.o
    0x2400038c   COMPRESSED   0x00000008   Data   RW        11136    .data               digital_pid.o
    0x24000394   COMPRESSED   0x00000024   Data   RW        11334    .data               ins_task.o
    0x240003b8   COMPRESSED   0x0000004c   Data   RW        11409    .data               remote_control_task.o
    0x24000404   COMPRESSED   0x00000070   Data   RW        11473    .data               chassis_l_task.o
    0x24000474   COMPRESSED   0x000001b4   Data   RW        11528    .data               chassis_leg_task.o
    0x24000628   COMPRESSED   0x00000070   Data   RW        11579    .data               chassis_r_task.o
    0x24000698   COMPRESSED   0x0000009c   Data   RW        11636    .data               observe_task.o
    0x24000734   COMPRESSED   0x00000008   Data   RW        11739    .data               message_center_task.o
    0x2400073c   COMPRESSED   0x00000025   Data   RW        11780    .data               gimbal_task.o
    0x24000761   COMPRESSED   0x00000003   PAD
    0x24000764        -       0x000001e0   Zero   RW          422    .bss                fdcan.o
    0x24000944        -       0x00000200   Zero   RW          502    .bss                spi.o
    0x24000b44        -       0x000000e4   Zero   RW          556    .bss                tim.o
    0x24000c28        -       0x000008a0   Zero   RW          622    .bss                usart.o
    0x240014c8        -       0x0000004c   Zero   RW          987    .bss                stm32h7xx_hal_timebase_tim.o
    0x24001514        -       0x000002dc   Zero   RW         1024    .bss                usb_device.o
    0x240017f0        -       0x00000200   Zero   RW         1085    .bss                usbd_desc.o
    0x240019f0        -       0x00001000   Zero   RW         1183    .bss                usbd_cdc_if.o
    0x240029f0        -       0x00000704   Zero   RW         1275    .bss                usbd_conf.o
    0x240030f4        -       0x00000040   Zero   RW         7368    .bss                queue.o
    0x24003134        -       0x000004c4   Zero   RW         7802    .bss                tasks.o
    0x240035f8        -       0x00000118   Zero   RW         8144    .bss                timers.o
    0x24003710        -       0x000006d8   Zero   RW         8381    .bss                cmsis_os2.o
    0x24003de8        -       0x00003c00   Zero   RW         8843    .bss                heap_4.o
    0x240079e8        -       0x000000d0   Zero   RW         9527    .bss                bsp_can.o
    0x24007ab8        -       0x00000010   Zero   RW         9623    .bss                bsp_usart.o
    0x24007ac8        -       0x00000088   Zero   RW         9986    .bss                bmi088driver.o
    0x24007b50        -       0x000000d0   Zero   RW        10133    .bss                vofa.o
    0x24007c20        -       0x00000050   Zero   RW        10193    .bss                sbus.o
    0x24007c70        -       0x000000d2   Zero   RW        10280    .bss                gprmc.o
    0x24007d42   COMPRESSED   0x00000002   PAD
    0x24007d44        -       0x000001c0   Zero   RW        11331    .bss                ins_task.o
    0x24007f04        -       0x000001c4   Zero   RW        11470    .bss                chassis_l_task.o
    0x240080c8        -       0x00000788   Zero   RW        11526    .bss                chassis_leg_task.o
    0x24008850        -       0x000001c4   Zero   RW        11576    .bss                chassis_r_task.o
    0x24008a14        -       0x0000031c   Zero   RW        11633    .bss                observe_task.o
    0x24008d30        -       0x00000051   Zero   RW        11777    .bss                gimbal_task.o
    0x24008d81   COMPRESSED   0x00000003   PAD
    0x24008d84        -       0x00000060   Zero   RW        12307    .bss                c_w.l(libspace.o)
    0x24008de4   COMPRESSED   0x00000004   PAD
    0x24008de8        -       0x00000200   Zero   RW            2    HEAP                startup_stm32h723xx.o
    0x24008fe8        -       0x00000800   Zero   RW            1    STACK               startup_stm32h723xx.o


==============================================================================

Image component sizes


      Code (inc. data)   RO Data    RW Data    ZI Data      Debug   Object Name

      3434        202          0         74        136      16037   bmi088driver.o
       116         30          0          4          0       3288   bmi088middleware.o
       634         60          0          0        208      13428   bsp_can.o
       612        116          0         72          0       4674   bsp_dwt.o
       360         20          0         11          0       4140   bsp_spi.o
      2106         60          0          1         16       6313   bsp_usart.o
      2260        216         51        112        452       4938   chassis_l_task.o
       388         36          8        436       1928       4901   chassis_leg_task.o
      2296        232         51        112        452       4946   chassis_r_task.o
       508         38          0          4       1752      72149   cmsis_os2.o
       164         14        770          2          0       2825   crc.o
      1400         36          0          8          0       6507   digital_pid.o
      1326         56          0         10          0      10294   dm_motor.o
       272          6          0          0          0        998   dma.o
         0          0          0          0          0      19392   event_groups.o
       972         56          0          4        480       3497   fdcan.o
       164          6          0          0          0       2589   filter.o
       180         40         48         15          0       3480   freertos.o
       676        100         48         37         81       3947   gimbal_task.o
       284         14          0          0          0       1171   gpio.o
       482        160          0        256        210       3478   gprmc.o
       724         74          0         32      15360       4931   heap_4.o
      2150        162         45         36        448       6982   ins_task.o
      3164         28          0          4          0       8987   kalman_filter.o
       148          0          0          0          0       3642   list.o
       140         14          0          0          0       2322   lpf.o
      1108         16          0          0          0       5033   mahony_filter.o
       318         10          0          0          0    1269772   main.o
      1244        116         56          8          0       2325   message_center_task.o
      1352        192         65        156        796       4492   observe_task.o
      1014         92          0         12          0      11701   port.o
      1922         20          0          0         64      17364   queue.o
      1918        170         56         76          0       6315   remote_control_task.o
       228         52          0          0          0       1518   robot_init_config.o
       568         24          0          4         80       3414   sbus.o
       720         54          0          0        512       2760   spi.o
        64         26        716          0       2560        836   startup_stm32h723xx.o
       172         34          0          9          0      22906   stm32h7xx_hal.o
       258         22          0          0          0      39222   stm32h7xx_hal_cortex.o
      8656        164          8          0          0      13913   stm32h7xx_hal_dma.o
      3582         54         92          0          0      22448   stm32h7xx_hal_fdcan.o
       524         50          0          0          0       2859   stm32h7xx_hal_gpio.o
        48          6          0          0          0        918   stm32h7xx_hal_msp.o
      3628         16          0          0          0      13736   stm32h7xx_hal_pcd.o
       130          4          0          0          0       3165   stm32h7xx_hal_pcd_ex.o
       116         12          0          0          0       1326   stm32h7xx_hal_pwr_ex.o
      3496        120          0          0          0       7525   stm32h7xx_hal_rcc.o
      5140        112          0          0          0       7269   stm32h7xx_hal_rcc_ex.o
      4176         60          0          0          0      16462   stm32h7xx_hal_spi.o
      2818        284          0          0          0      13880   stm32h7xx_hal_tim.o
       434         46          0          0          0       4112   stm32h7xx_hal_tim_ex.o
       160         20          0          0         76       1631   stm32h7xx_hal_timebase_tim.o
      5540        196         24          0          0      42795   stm32h7xx_hal_uart.o
       610         14         16          0          0       7320   stm32h7xx_hal_uart_ex.o
       566        204          0          0          0      19500   stm32h7xx_it.o
      3894         88          0          0          0      22656   stm32h7xx_ll_usb.o
         0          0          0          0          0        408   stream_buffer.o
       224         32         16          8          0       1374   system_stm32h7xx.o
      3040        362          0         60       1220      29163   tasks.o
       956         60          0          0        228       4103   tim.o
      1318        124          0         20        280      32807   timers.o
      2492        184          0          0       2208       6641   usart.o
        80         16          0          0        732       2567   usb_device.o
      1782         54          0        138          0      14221   usbd_cdc.o
       204         22          0         20       4096       4312   usbd_cdc_if.o
       956         30          0          0       1796      17424   usbd_conf.o
      1354          0          0          0          0      16441   usbd_core.o
      2416         22          0          1          0      17944   usbd_ctlreq.o
       386        122          0         94        512       6965   usbd_desc.o
       174          0          0          0          0       4772   usbd_ioreq.o
      1164          6          0          0          0       4534   user_lib.o
      1962         84          0         12          0       5930   vmc_calc.o
        92         18          0          6        208       2849   vofa.o
       200          6          0          8          0       2731   ws2812.o

    ----------------------------------------------------------------------
     98240       5196       2112       1892      36896    1984215   Object Totals
         0          0         32          0          0          0   (incl. Generated)
        76          0         10         30          5          0   (incl. Padding)

    ----------------------------------------------------------------------

      Code (inc. data)   RO Data    RW Data    ZI Data      Debug   Library Member Name

         0          0       2052          0          0       4961   arm_common_tables.o
       144         12          0          0          0       1111   arm_cos_f32.o
       190          0          0          0          0       1836   arm_mat_add_f32.o
         8          0          0          0          0        841   arm_mat_init_f32.o
       716          4          0          0          0       3547   arm_mat_inverse_f32.o
       304          4          0          0          0       2362   arm_mat_mult_f32.o
       190          0          0          0          0       1834   arm_mat_sub_f32.o
       180          0          0          0          0       1862   arm_mat_trans_f32.o
       140         12          0          0          0       1098   arm_sin_f32.o
       100          0          0          0          0          0   __dclz77c.o
         8          0          0          0          0         68   __main.o
       312          4         17          0          0         92   __printf_flags_wp.o
        14          0          0          0          0         68   __printf_wp.o
         0          0          0          0          0          0   __rtentry.o
        12          0          0          0          0          0   __rtentry2.o
         6          0          0          0          0          0   __rtentry4.o
        52          8          0          0          0          0   __scatter.o
        28          0          0          0          0          0   __scatter_zi.o
        44          0          0          0          0        108   _printf_char.o
        48          6          0          0          0         96   _printf_char_common.o
         6          0          0          0          0          0   _printf_d.o
       120         16          0          0          0         92   _printf_dec.o
        88          4         40          0          0         88   _printf_hex_int.o
       178          0          0          0          0         88   _printf_intcommon.o
        78          0          0          0          0        108   _printf_pad.o
         0          0          0          0          0          0   _printf_percent.o
         4          0          0          0          0          0   _printf_percent_end.o
         6          0          0          0          0          0   _printf_s.o
        82          0          0          0          0         80   _printf_str.o
         6          0          0          0          0          0   _printf_x.o
        22          0          0          0          0        100   _rserrno.o
        10          0          0          0          0         68   _sputc.o
        16          0          0          0          0         68   aeabi_memset.o
        10          0          0          0          0         68   defsig_exit.o
        50          0          0          0          0         88   defsig_general.o
        80         58          0          0          0         76   defsig_rtmem_inner.o
        14          0          0          0          0         80   defsig_rtmem_outer.o
        18          0          0          0          0         80   exit.o
        94          0          0          0          0         80   h1_alloc.o
        52          0          0          0          0         68   h1_extend.o
        78          0          0          0          0         80   h1_free.o
        14          0          0          0          0         84   h1_init.o
         6          0          0          0          0        152   heapauxi.o
         4          0          0          0          0        136   hguard.o
         0          0          0          0          0          0   indicate_semi.o
       138          0          0          0          0        168   init_alloc.o
         2          0          0          0          0          0   libinit.o
        14          0          0          0          0          0   libinit2.o
         2          0          0          0          0          0   libshutdown.o
         2          0          0          0          0          0   libshutdown2.o
         8          4          0          0         96         68   libspace.o
       238          0          0          0          0        100   lludivv7m.o
         0          0          0          0          0          0   maybetermalloc1.o
        40          6          0          0          0         84   noretval__2sprintf.o
         8          4          0          0          0         68   rt_errno_addr_intlibspace.o
         8          4          0          0          0         68   rt_heap_descriptor_intlibspace.o
        68          0          0          0          0         68   rt_memclr.o
        78          0          0          0          0         80   rt_memclr_w.o
       138          0          0          0          0         68   rt_memcpy_v6.o
       100          0          0          0          0         80   rt_memcpy_w.o
         2          0          0          0          0          0   rtexit.o
        10          0          0          0          0          0   rtexit2.o
        72          0          0          0          0         80   strcpy.o
        62          0          0          0          0         76   strlen.o
        12          4          0          0          0         68   sys_exit.o
        74          0          0          0          0         80   sys_stackheap_outer.o
        14          0          0          0          0         76   sys_wrch.o
         2          0          0          0          0         68   use_no_semi.o
        10          0          0          0          0        116   fpinit.o
         0          0          0          0          0          0   usenofp.o
       312         54          0          0          0        176   asinf.o
       692         98          0          0          0        208   atan2f.o
        38          0          0          0          0        116   fpclassifyf.o
        44         12          0          0          0        464   funder.o
       102          0          0          0          0        140   sqrt.o
       120          0          0          0          0        272   sqrtf.o

    ----------------------------------------------------------------------
      5956        314       2112          0        100      24360   Library Totals
        14          0          3          0          4          0   (incl. Padding)

    ----------------------------------------------------------------------

      Code (inc. data)   RO Data    RW Data    ZI Data      Debug   Library Name

      1872         32       2052          0          0      19452   arm_cortexM7lfdp_math.lib
      2752        118         57          0         96       3416   c_w.l
        10          0          0          0          0        116   fz_wv.l
      1308        164          0          0          0       1376   m_wv.l

    ----------------------------------------------------------------------
      5956        314       2112          0        100      24360   Library Totals

    ----------------------------------------------------------------------

==============================================================================


      Code (inc. data)   RO Data    RW Data    ZI Data      Debug   

    104196       5510       4224       1892      36996    1950439   Grand Totals
    104196       5510       4224        984      36996    1950439   ELF Image Totals (compressed)
    104196       5510       4224        984          0          0   ROM Totals

==============================================================================

    Total RO  Size (Code + RO Data)               108420 ( 105.88kB)
    Total RW  Size (RW Data + ZI Data)             38888 (  37.98kB)
    Total ROM Size (Code + RO Data + RW Data)     109404 ( 106.84kB)

==============================================================================

