<html>
<body>
<pre>
<h1>µVision Build Log</h1>
<h2>Tool Versions:</h2>
IDE-Version: ¦ÌVision V5.39.0.0
Copyright (C) 2023 ARM Ltd and ARM Germany GmbH. All rights reserved.
License Information: GUA TAI, GGUi, LIC=VGXG8-33F8A-UHI8H-W9EU2-5UIXN-3I4AM
 
Tool Versions:
Toolchain:       MDK-ARM Plus  Version: 5.39.0.0
Toolchain Path:  D:\Keil_v5\ARM\ARMCOMPLIER506\Bin
C Compiler:      Armcc.exe V5.06 update 7 (build 960)
Assembler:       Armasm.exe V5.06 update 7 (build 960)
Linker/Locator:  ArmLink.exe V5.06 update 7 (build 960)
Library Manager: ArmAr.exe V5.06 update 7 (build 960)
Hex Converter:   FromElf.exe V5.06 update 7 (build 960)
CPU DLL:         SARMCM3.DLL V5.39.0.0
Dialog DLL:      DCM.DLL V1.17.5.0
Target DLL:      CMSIS_AGDI.dll V1.33.16.0
Dialog DLL:      TCM.DLL V1.56.4.0
 
<h2>Project:</h2>
D:\2025_RM_Leg_X\VAX_GUATAI\MDK-ARM\VANGUARD_H7_X_RM_Leg.uvprojx
Project File Date:  06/09/2025

<h2>Output:</h2>
*** Using Compiler 'V5.06 update 7 (build 960)', folder: 'D:\Keil_v5\ARM\ARMCOMPLIER506\Bin'
Build target 'VANGUARD_H7_X_RM_Leg'
compiling Chassis_R_Task.c...
..\APP\Chassis_R_Task.c(120): warning:  #188-D: enumerated type mixed with another type
        leg_r_length_pid.improve = PID_DERIVATIVE_ON_MEASUREMENT | PID_DERIVATIVE_FILTER;//PID_RAMP_TARGET | PID_OUTPUT_FILTER;
..\APP\Chassis_R_Task.c(37): warning:  #550-D: variable "right_F_0_ramp"  was set but never used
  static ramp_function_source_t *right_F_0_ramp;
..\APP\Chassis_R_Task.c: 2 warnings, 0 errors
linking...
Program Size: Code=104196 RO-data=4224 RW-data=1892 ZI-data=36996  
FromELF: creating hex file...
"VANGUARD_H7_X_RM_Leg\VANGUARD_H7_X_RM_Leg.axf" - 0 Error(s), 2 Warning(s).

<h2>Software Packages used:</h2>

Package Vendor: ARM
                http://www.keil.com/pack/ARM.CMSIS.5.9.0.pack
                ARM::CMSIS@5.9.0
                CMSIS (Common Microcontroller Software Interface Standard)
   * Component: CORE Version: 5.6.0

Package Vendor: Keil
                https://www.keil.com/pack/Keil.STM32H7xx_DFP.4.0.0.pack
                Keil::STM32H7xx_DFP@4.0.0
                STMicroelectronics STM32H7 Series Device Support

<h2>Collection of Component include folders:</h2>
  ./RTE/_VANGUARD_H7_X_RM_Leg
  D:/Keil_v5/ARM/CMSIS/5.9.0/CMSIS/Core/Include

<h2>Collection of Component Files used:</h2>

   * Component: ARM::CMSIS:CORE@5.6.0
      Include file:  CMSIS/Core/Include/tz_context.h
Build Time Elapsed:  00:00:07
</pre>
</body>
</html>
